[0.135s] DEBUG:colcon:Command line arguments: ['/usr/bin/colcon', 'build', '--packages-select', 'active_perception']
[0.135s] DEBUG:colcon:Parsed command line arguments: Namespace(log_base=None, log_level=None, verb_name='build', build_base='build', install_base='install', merge_install=False, symlink_install=False, test_result_base=None, continue_on_error=False, executor='parallel', parallel_workers=8, event_handlers=None, ignore_user_meta=False, metas=['./colcon.meta'], base_paths=['.'], packages_ignore=None, packages_ignore_regex=None, paths=None, packages_up_to=None, packages_up_to_regex=None, packages_above=None, packages_above_and_dependencies=None, packages_above_depth=None, packages_select_by_dep=None, packages_skip_by_dep=None, packages_skip_up_to=None, packages_select_build_failed=False, packages_skip_build_finished=False, packages_select_test_failures=False, packages_skip_test_passed=False, packages_select=['active_perception'], packages_skip=None, packages_select_regex=None, packages_skip_regex=None, packages_start=None, packages_end=None, allow_overriding=[], cmake_args=None, cmake_target=None, cmake_target_skip_unavailable=False, cmake_clean_cache=False, cmake_clean_first=False, cmake_force_configure=False, ament_cmake_args=None, catkin_cmake_args=None, catkin_skip_building_tests=False, mixin_files=None, mixin=None, verb_parser=<colcon_mixin.mixin.mixin_argument.MixinArgumentDecorator object at 0x7a37086c1bb0>, verb_extension=<colcon_core.verb.build.BuildVerb object at 0x7a3708e56c00>, main=<bound method BuildVerb.main of <colcon_core.verb.build.BuildVerb object at 0x7a3708e56c00>>, mixin_verb=('build',))
[0.176s] Level 1:colcon.colcon_core.package_discovery:discover_packages(colcon_meta) check parameters
[0.176s] Level 1:colcon.colcon_core.package_discovery:discover_packages(recursive) check parameters
[0.176s] Level 1:colcon.colcon_core.package_discovery:discover_packages(ignore) check parameters
[0.176s] Level 1:colcon.colcon_core.package_discovery:discover_packages(path) check parameters
[0.176s] Level 1:colcon.colcon_core.package_discovery:discover_packages(colcon_meta) discover
[0.176s] Level 1:colcon.colcon_core.package_discovery:discover_packages(recursive) discover
[0.176s] INFO:colcon.colcon_core.package_discovery:Crawling recursively for packages in '/home/bluegoose/active_perception_ws'
[0.176s] Level 1:colcon.colcon_core.package_identification:_identify(.) by extensions ['ignore', 'ignore_ament_install']
[0.177s] Level 1:colcon.colcon_core.package_identification:_identify(.) by extension 'ignore'
[0.177s] Level 1:colcon.colcon_core.package_identification:_identify(.) by extension 'ignore_ament_install'
[0.177s] Level 1:colcon.colcon_core.package_identification:_identify(.) by extensions ['colcon_pkg']
[0.177s] Level 1:colcon.colcon_core.package_identification:_identify(.) by extension 'colcon_pkg'
[0.177s] Level 1:colcon.colcon_core.package_identification:_identify(.) by extensions ['colcon_meta']
[0.177s] Level 1:colcon.colcon_core.package_identification:_identify(.) by extension 'colcon_meta'
[0.177s] Level 1:colcon.colcon_core.package_identification:_identify(.) by extensions ['ros']
[0.177s] Level 1:colcon.colcon_core.package_identification:_identify(.) by extension 'ros'
[0.204s] Level 1:colcon.colcon_core.package_identification:_identify(.) by extensions ['cmake', 'python']
[0.204s] Level 1:colcon.colcon_core.package_identification:_identify(.) by extension 'cmake'
[0.204s] Level 1:colcon.colcon_core.package_identification:_identify(.) by extension 'python'
[0.204s] Level 1:colcon.colcon_core.package_identification:_identify(.) by extensions ['python_setup_py']
[0.204s] Level 1:colcon.colcon_core.package_identification:_identify(.) by extension 'python_setup_py'
[0.205s] Level 1:colcon.colcon_core.package_identification:_identify(build) by extensions ['ignore', 'ignore_ament_install']
[0.205s] Level 1:colcon.colcon_core.package_identification:_identify(build) by extension 'ignore'
[0.205s] Level 1:colcon.colcon_core.package_identification:_identify(build) ignored
[0.205s] Level 1:colcon.colcon_core.package_identification:_identify(install) by extensions ['ignore', 'ignore_ament_install']
[0.205s] Level 1:colcon.colcon_core.package_identification:_identify(install) by extension 'ignore'
[0.205s] Level 1:colcon.colcon_core.package_identification:_identify(install) ignored
[0.205s] Level 1:colcon.colcon_core.package_identification:_identify(log) by extensions ['ignore', 'ignore_ament_install']
[0.205s] Level 1:colcon.colcon_core.package_identification:_identify(log) by extension 'ignore'
[0.205s] Level 1:colcon.colcon_core.package_identification:_identify(log) ignored
[0.205s] Level 1:colcon.colcon_core.package_identification:_identify(src) by extensions ['ignore', 'ignore_ament_install']
[0.205s] Level 1:colcon.colcon_core.package_identification:_identify(src) by extension 'ignore'
[0.205s] Level 1:colcon.colcon_core.package_identification:_identify(src) by extension 'ignore_ament_install'
[0.206s] Level 1:colcon.colcon_core.package_identification:_identify(src) by extensions ['colcon_pkg']
[0.206s] Level 1:colcon.colcon_core.package_identification:_identify(src) by extension 'colcon_pkg'
[0.206s] Level 1:colcon.colcon_core.package_identification:_identify(src) by extensions ['colcon_meta']
[0.206s] Level 1:colcon.colcon_core.package_identification:_identify(src) by extension 'colcon_meta'
[0.206s] Level 1:colcon.colcon_core.package_identification:_identify(src) by extensions ['ros']
[0.206s] Level 1:colcon.colcon_core.package_identification:_identify(src) by extension 'ros'
[0.206s] Level 1:colcon.colcon_core.package_identification:_identify(src) by extensions ['cmake', 'python']
[0.206s] Level 1:colcon.colcon_core.package_identification:_identify(src) by extension 'cmake'
[0.206s] Level 1:colcon.colcon_core.package_identification:_identify(src) by extension 'python'
[0.206s] Level 1:colcon.colcon_core.package_identification:_identify(src) by extensions ['python_setup_py']
[0.206s] Level 1:colcon.colcon_core.package_identification:_identify(src) by extension 'python_setup_py'
[0.206s] Level 1:colcon.colcon_core.package_identification:_identify(src/active_perception) by extensions ['ignore', 'ignore_ament_install']
[0.206s] Level 1:colcon.colcon_core.package_identification:_identify(src/active_perception) by extension 'ignore'
[0.206s] Level 1:colcon.colcon_core.package_identification:_identify(src/active_perception) by extension 'ignore_ament_install'
[0.206s] Level 1:colcon.colcon_core.package_identification:_identify(src/active_perception) by extensions ['colcon_pkg']
[0.206s] Level 1:colcon.colcon_core.package_identification:_identify(src/active_perception) by extension 'colcon_pkg'
[0.206s] Level 1:colcon.colcon_core.package_identification:_identify(src/active_perception) by extensions ['colcon_meta']
[0.206s] Level 1:colcon.colcon_core.package_identification:_identify(src/active_perception) by extension 'colcon_meta'
[0.207s] Level 1:colcon.colcon_core.package_identification:_identify(src/active_perception) by extensions ['ros']
[0.207s] Level 1:colcon.colcon_core.package_identification:_identify(src/active_perception) by extension 'ros'
[0.209s] DEBUG:colcon.colcon_core.package_identification:Package 'src/active_perception' with type 'ros.ament_python' and name 'active_perception'
[0.210s] Level 1:colcon.colcon_core.package_identification:_identify(src/active_perception_interfaces) by extensions ['ignore', 'ignore_ament_install']
[0.210s] Level 1:colcon.colcon_core.package_identification:_identify(src/active_perception_interfaces) by extension 'ignore'
[0.210s] Level 1:colcon.colcon_core.package_identification:_identify(src/active_perception_interfaces) by extension 'ignore_ament_install'
[0.210s] Level 1:colcon.colcon_core.package_identification:_identify(src/active_perception_interfaces) by extensions ['colcon_pkg']
[0.210s] Level 1:colcon.colcon_core.package_identification:_identify(src/active_perception_interfaces) by extension 'colcon_pkg'
[0.210s] Level 1:colcon.colcon_core.package_identification:_identify(src/active_perception_interfaces) by extensions ['colcon_meta']
[0.210s] Level 1:colcon.colcon_core.package_identification:_identify(src/active_perception_interfaces) by extension 'colcon_meta'
[0.210s] Level 1:colcon.colcon_core.package_identification:_identify(src/active_perception_interfaces) by extensions ['ros']
[0.210s] Level 1:colcon.colcon_core.package_identification:_identify(src/active_perception_interfaces) by extension 'ros'
[0.211s] DEBUG:colcon.colcon_core.package_identification:Package 'src/active_perception_interfaces' with type 'ros.ament_cmake' and name 'active_perception_interfaces'
[0.211s] Level 1:colcon.colcon_core.package_discovery:discover_packages(recursive) using defaults
[0.211s] Level 1:colcon.colcon_core.package_discovery:discover_packages(ignore) discover
[0.211s] Level 1:colcon.colcon_core.package_discovery:discover_packages(ignore) using defaults
[0.211s] Level 1:colcon.colcon_core.package_discovery:discover_packages(path) discover
[0.211s] Level 1:colcon.colcon_core.package_discovery:discover_packages(path) using defaults
[0.230s] INFO:colcon.colcon_core.package_selection:Skipping not selected package 'active_perception_interfaces' in 'src/active_perception_interfaces'
[0.230s] Level 1:colcon.colcon_core.package_discovery:discover_packages(prefix_path) check parameters
[0.231s] Level 1:colcon.colcon_core.package_discovery:discover_packages(prefix_path) discover
[0.233s] DEBUG:colcon.colcon_installed_package_information.package_discovery:Found 2 installed packages in /home/bluegoose/active_perception_ws/install
[0.233s] DEBUG:colcon.colcon_installed_package_information.package_discovery:Found 5 installed packages in /home/bluegoose/x_perceive_ws/install
[0.235s] DEBUG:colcon.colcon_installed_package_information.package_discovery:Found 319 installed packages in /opt/ros/jazzy
[0.236s] Level 1:colcon.colcon_core.package_discovery:discover_packages(prefix_path) using defaults
[0.289s] Level 5:colcon.colcon_core.verb:set package 'active_perception' build argument 'cmake_args' from command line to 'None'
[0.289s] Level 5:colcon.colcon_core.verb:set package 'active_perception' build argument 'cmake_target' from command line to 'None'
[0.289s] Level 5:colcon.colcon_core.verb:set package 'active_perception' build argument 'cmake_target_skip_unavailable' from command line to 'False'
[0.290s] Level 5:colcon.colcon_core.verb:set package 'active_perception' build argument 'cmake_clean_cache' from command line to 'False'
[0.290s] Level 5:colcon.colcon_core.verb:set package 'active_perception' build argument 'cmake_clean_first' from command line to 'False'
[0.290s] Level 5:colcon.colcon_core.verb:set package 'active_perception' build argument 'cmake_force_configure' from command line to 'False'
[0.290s] Level 5:colcon.colcon_core.verb:set package 'active_perception' build argument 'ament_cmake_args' from command line to 'None'
[0.291s] Level 5:colcon.colcon_core.verb:set package 'active_perception' build argument 'catkin_cmake_args' from command line to 'None'
[0.291s] Level 5:colcon.colcon_core.verb:set package 'active_perception' build argument 'catkin_skip_building_tests' from command line to 'False'
[0.291s] DEBUG:colcon.colcon_core.verb:Building package 'active_perception' with the following arguments: {'ament_cmake_args': None, 'build_base': '/home/bluegoose/active_perception_ws/build/active_perception', 'catkin_cmake_args': None, 'catkin_skip_building_tests': False, 'cmake_args': None, 'cmake_clean_cache': False, 'cmake_clean_first': False, 'cmake_force_configure': False, 'cmake_target': None, 'cmake_target_skip_unavailable': False, 'install_base': '/home/bluegoose/active_perception_ws/install/active_perception', 'merge_install': False, 'path': '/home/bluegoose/active_perception_ws/src/active_perception', 'symlink_install': False, 'test_result_base': None}
[0.291s] INFO:colcon.colcon_core.executor:Executing jobs using 'parallel' executor
[0.292s] DEBUG:colcon.colcon_parallel_executor.executor.parallel:run_until_complete
[0.292s] INFO:colcon.colcon_ros.task.ament_python.build:Building ROS package in '/home/bluegoose/active_perception_ws/src/active_perception' with build type 'ament_python'
[0.292s] Level 1:colcon.colcon_core.shell:create_environment_hook('active_perception', 'ament_prefix_path')
[0.294s] INFO:colcon.colcon_core.plugin_system:Skipping extension 'colcon_core.shell.bat': Not used on non-Windows systems
[0.295s] INFO:colcon.colcon_core.shell:Creating environment hook '/home/bluegoose/active_perception_ws/install/active_perception/share/active_perception/hook/ament_prefix_path.ps1'
[0.295s] INFO:colcon.colcon_core.shell:Creating environment descriptor '/home/bluegoose/active_perception_ws/install/active_perception/share/active_perception/hook/ament_prefix_path.dsv'
[0.296s] INFO:colcon.colcon_core.shell:Creating environment hook '/home/bluegoose/active_perception_ws/install/active_perception/share/active_perception/hook/ament_prefix_path.sh'
[0.296s] INFO:colcon.colcon_core.shell:Skip shell extension 'powershell' for command environment: Not usable outside of PowerShell
[0.296s] DEBUG:colcon.colcon_core.shell:Skip shell extension 'dsv' for command environment
[0.578s] INFO:colcon.colcon_core.task.python.build:Building Python package in '/home/bluegoose/active_perception_ws/src/active_perception'
[0.578s] INFO:colcon.colcon_core.shell:Skip shell extension 'powershell' for command environment: Not usable outside of PowerShell
[0.578s] DEBUG:colcon.colcon_core.shell:Skip shell extension 'dsv' for command environment
[1.272s] DEBUG:colcon.colcon_core.task.python.build:Available setuptools commands: bdist, install_lib, saveopts, setopt, egg_info, symlink_data, install_egg_info, install, install_headers, check, rotate, build_clib, build_ext, clean, develop, build_py, editable_wheel, install_scripts, install_data, bdist_wheel, alias, easy_install, sdist, bdist_egg, bdist_dumb, bdist_rpm, dist_info, build, build_scripts
[1.274s] DEBUG:colcon.colcon_core.event_handler.log_command:Invoking command in '/home/bluegoose/active_perception_ws/src/active_perception': DEBUGINFOD_URLS=https://debuginfod.ubuntu.com PYTHONPATH=/home/bluegoose/active_perception_ws/build/active_perception/prefix_override:/usr/lib/python3/dist-packages/colcon_core/task/python/colcon_distutils_commands:/home/bluegoose/active_perception_ws/install/active_perception/lib/python3.12/site-packages:/home/bluegoose/active_perception_ws/install/active_perception_interfaces/lib/python3.12/site-packages:/home/bluegoose/active_perception_ws/install/active_perception/lib/python3.12/site-packages:/home/bluegoose/x_perceive_ws/install/x_perceive_sim/lib/python3.12/site-packages:/home/bluegoose/x_perceive_ws/build/x_perceive_reasoning:/home/bluegoose/x_perceive_ws/install/x_perceive_reasoning/lib/python3.12/site-packages:/home/bluegoose/x_perceive_ws/build/x_perceive_perception:/home/bluegoose/x_perceive_ws/install/x_perceive_perception/lib/python3.12/site-packages:/home/bluegoose/x_perceive_ws/install/x_perceive_msgs/lib/python3.12/site-packages:/home/bluegoose/x_perceive_ws/build/x_perceive_bringup:/home/bluegoose/x_perceive_ws/install/x_perceive_bringup/lib/python3.12/site-packages:/opt/ros/jazzy/opt/gz_sim_vendor/lib/python:/opt/ros/jazzy/opt/sdformat_vendor/lib/python:/opt/ros/jazzy/opt/gz_transport_vendor/lib/python:/opt/ros/jazzy/opt/gz_msgs_vendor/lib/python:/opt/ros/jazzy/opt/gz_math_vendor/lib/python:/opt/ros/jazzy/lib/python3.12/site-packages /usr/bin/python3 -W ignore:setup.py install is deprecated -W ignore:easy_install command is deprecated setup.py egg_info --egg-base ../../build/active_perception build --build-base /home/bluegoose/active_perception_ws/build/active_perception/build install --record /home/bluegoose/active_perception_ws/build/active_perception/install.log --install-scripts $base/lib/active_perception --single-version-externally-managed install_data
[1.992s] DEBUG:colcon.colcon_core.event_handler.log_command:Invoked command in '/home/bluegoose/active_perception_ws/src/active_perception' returned '0': DEBUGINFOD_URLS=https://debuginfod.ubuntu.com PYTHONPATH=/home/bluegoose/active_perception_ws/build/active_perception/prefix_override:/usr/lib/python3/dist-packages/colcon_core/task/python/colcon_distutils_commands:/home/bluegoose/active_perception_ws/install/active_perception/lib/python3.12/site-packages:/home/bluegoose/active_perception_ws/install/active_perception_interfaces/lib/python3.12/site-packages:/home/bluegoose/active_perception_ws/install/active_perception/lib/python3.12/site-packages:/home/bluegoose/x_perceive_ws/install/x_perceive_sim/lib/python3.12/site-packages:/home/bluegoose/x_perceive_ws/build/x_perceive_reasoning:/home/bluegoose/x_perceive_ws/install/x_perceive_reasoning/lib/python3.12/site-packages:/home/bluegoose/x_perceive_ws/build/x_perceive_perception:/home/bluegoose/x_perceive_ws/install/x_perceive_perception/lib/python3.12/site-packages:/home/bluegoose/x_perceive_ws/install/x_perceive_msgs/lib/python3.12/site-packages:/home/bluegoose/x_perceive_ws/build/x_perceive_bringup:/home/bluegoose/x_perceive_ws/install/x_perceive_bringup/lib/python3.12/site-packages:/opt/ros/jazzy/opt/gz_sim_vendor/lib/python:/opt/ros/jazzy/opt/sdformat_vendor/lib/python:/opt/ros/jazzy/opt/gz_transport_vendor/lib/python:/opt/ros/jazzy/opt/gz_msgs_vendor/lib/python:/opt/ros/jazzy/opt/gz_math_vendor/lib/python:/opt/ros/jazzy/lib/python3.12/site-packages /usr/bin/python3 -W ignore:setup.py install is deprecated -W ignore:easy_install command is deprecated setup.py egg_info --egg-base ../../build/active_perception build --build-base /home/bluegoose/active_perception_ws/build/active_perception/build install --record /home/bluegoose/active_perception_ws/build/active_perception/install.log --install-scripts $base/lib/active_perception --single-version-externally-managed install_data
[1.994s] Level 1:colcon.colcon_core.environment:checking '/home/bluegoose/active_perception_ws/install/active_perception' for CMake module files
[1.995s] Level 1:colcon.colcon_core.environment:checking '/home/bluegoose/active_perception_ws/install/active_perception' for CMake config files
[1.996s] Level 1:colcon.colcon_core.environment:checking '/home/bluegoose/active_perception_ws/install/active_perception/lib'
[1.996s] Level 1:colcon.colcon_core.environment:checking '/home/bluegoose/active_perception_ws/install/active_perception/bin'
[1.996s] Level 1:colcon.colcon_core.environment:checking '/home/bluegoose/active_perception_ws/install/active_perception/lib/pkgconfig/active_perception.pc'
[1.996s] Level 1:colcon.colcon_core.environment:checking '/home/bluegoose/active_perception_ws/install/active_perception/lib/python3.12/site-packages'
[1.997s] Level 1:colcon.colcon_core.shell:create_environment_hook('active_perception', 'pythonpath')
[1.997s] INFO:colcon.colcon_core.shell:Creating environment hook '/home/bluegoose/active_perception_ws/install/active_perception/share/active_perception/hook/pythonpath.ps1'
[1.997s] INFO:colcon.colcon_core.shell:Creating environment descriptor '/home/bluegoose/active_perception_ws/install/active_perception/share/active_perception/hook/pythonpath.dsv'
[1.998s] INFO:colcon.colcon_core.shell:Creating environment hook '/home/bluegoose/active_perception_ws/install/active_perception/share/active_perception/hook/pythonpath.sh'
[1.999s] Level 1:colcon.colcon_core.environment:checking '/home/bluegoose/active_perception_ws/install/active_perception/bin'
[1.999s] Level 1:colcon.colcon_core.environment:create_environment_scripts_only(active_perception)
[1.999s] INFO:colcon.colcon_core.shell:Creating package script '/home/bluegoose/active_perception_ws/install/active_perception/share/active_perception/package.ps1'
[2.000s] INFO:colcon.colcon_core.shell:Creating package descriptor '/home/bluegoose/active_perception_ws/install/active_perception/share/active_perception/package.dsv'
[2.001s] INFO:colcon.colcon_core.shell:Creating package script '/home/bluegoose/active_perception_ws/install/active_perception/share/active_perception/package.sh'
[2.002s] INFO:colcon.colcon_core.shell:Creating package script '/home/bluegoose/active_perception_ws/install/active_perception/share/active_perception/package.bash'
[2.002s] INFO:colcon.colcon_core.shell:Creating package script '/home/bluegoose/active_perception_ws/install/active_perception/share/active_perception/package.zsh'
[2.003s] Level 1:colcon.colcon_core.environment:create_file_with_runtime_dependencies(/home/bluegoose/active_perception_ws/install/active_perception/share/colcon-core/packages/active_perception)
[2.003s] DEBUG:colcon.colcon_parallel_executor.executor.parallel:closing loop
[2.004s] DEBUG:colcon.colcon_parallel_executor.executor.parallel:loop closed
[2.004s] DEBUG:colcon.colcon_parallel_executor.executor.parallel:run_until_complete finished with '0'
[2.004s] DEBUG:colcon.colcon_core.event_reactor:joining thread
[2.011s] INFO:colcon.colcon_core.plugin_system:Skipping extension 'colcon_notification.desktop_notification.terminal_notifier': Not used on non-Darwin systems
[2.011s] INFO:colcon.colcon_core.plugin_system:Skipping extension 'colcon_notification.desktop_notification.win32': Not used on non-Windows systems
[2.011s] INFO:colcon.colcon_notification.desktop_notification:Sending desktop notification using 'notify2'
[2.029s] DEBUG:colcon.colcon_core.event_reactor:joined thread
[2.029s] INFO:colcon.colcon_core.shell:Creating prefix script '/home/bluegoose/active_perception_ws/install/local_setup.ps1'
[2.031s] INFO:colcon.colcon_core.shell:Creating prefix util module '/home/bluegoose/active_perception_ws/install/_local_setup_util_ps1.py'
[2.032s] INFO:colcon.colcon_core.shell:Creating prefix chain script '/home/bluegoose/active_perception_ws/install/setup.ps1'
[2.034s] INFO:colcon.colcon_core.shell:Creating prefix script '/home/bluegoose/active_perception_ws/install/local_setup.sh'
[2.034s] INFO:colcon.colcon_core.shell:Creating prefix util module '/home/bluegoose/active_perception_ws/install/_local_setup_util_sh.py'
[2.035s] INFO:colcon.colcon_core.shell:Creating prefix chain script '/home/bluegoose/active_perception_ws/install/setup.sh'
[2.036s] INFO:colcon.colcon_core.shell:Creating prefix script '/home/bluegoose/active_perception_ws/install/local_setup.bash'
[2.037s] INFO:colcon.colcon_core.shell:Creating prefix chain script '/home/bluegoose/active_perception_ws/install/setup.bash'
[2.038s] INFO:colcon.colcon_core.shell:Creating prefix script '/home/bluegoose/active_perception_ws/install/local_setup.zsh'
[2.039s] INFO:colcon.colcon_core.shell:Creating prefix chain script '/home/bluegoose/active_perception_ws/install/setup.zsh'
