[1.937s] Invoking command in '/home/bluegoose/active_perception_ws/src/active_perception': DEBUGINFOD_URLS=https://debuginfod.ubuntu.com PYTHONPATH=/home/bluegoose/active_perception_ws/build/active_perception/prefix_override:/usr/lib/python3/dist-packages/colcon_core/task/python/colcon_distutils_commands:/home/bluegoose/active_perception_ws/install/active_perception/lib/python3.12/site-packages:/home/bluegoose/active_perception_ws/install/active_perception_interfaces/lib/python3.12/site-packages:/home/bluegoose/active_perception_ws/install/active_perception/lib/python3.12/site-packages:/home/bluegoose/x_perceive_ws/install/x_perceive_sim/lib/python3.12/site-packages:/home/bluegoose/x_perceive_ws/build/x_perceive_reasoning:/home/bluegoose/x_perceive_ws/install/x_perceive_reasoning/lib/python3.12/site-packages:/home/bluegoose/x_perceive_ws/build/x_perceive_perception:/home/bluegoose/x_perceive_ws/install/x_perceive_perception/lib/python3.12/site-packages:/home/bluegoose/x_perceive_ws/install/x_perceive_msgs/lib/python3.12/site-packages:/home/bluegoose/x_perceive_ws/build/x_perceive_bringup:/home/bluegoose/x_perceive_ws/install/x_perceive_bringup/lib/python3.12/site-packages:/opt/ros/jazzy/opt/gz_sim_vendor/lib/python:/opt/ros/jazzy/opt/sdformat_vendor/lib/python:/opt/ros/jazzy/opt/gz_transport_vendor/lib/python:/opt/ros/jazzy/opt/gz_msgs_vendor/lib/python:/opt/ros/jazzy/opt/gz_math_vendor/lib/python:/opt/ros/jazzy/lib/python3.12/site-packages /usr/bin/python3 -W ignore:setup.py install is deprecated -W ignore:easy_install command is deprecated setup.py egg_info --egg-base ../../build/active_perception build --build-base /home/bluegoose/active_perception_ws/build/active_perception/build install --record /home/bluegoose/active_perception_ws/build/active_perception/install.log --install-scripts $base/lib/active_perception --single-version-externally-managed install_data
[2.681s] running egg_info
[2.727s] writing ../../build/active_perception/active_perception.egg-info/PKG-INFO
[2.727s] writing dependency_links to ../../build/active_perception/active_perception.egg-info/dependency_links.txt
[2.728s] writing entry points to ../../build/active_perception/active_perception.egg-info/entry_points.txt
[2.728s] writing requirements to ../../build/active_perception/active_perception.egg-info/requires.txt
[2.728s] writing top-level names to ../../build/active_perception/active_perception.egg-info/top_level.txt
[2.822s] reading manifest file '../../build/active_perception/active_perception.egg-info/SOURCES.txt'
[2.824s] writing manifest file '../../build/active_perception/active_perception.egg-info/SOURCES.txt'
[2.824s] running build
[2.824s] running build_py
[2.825s] copying active_perception/vlm_bridge_node.py -> /home/bluegoose/active_perception_ws/build/active_perception/build/lib/active_perception
[2.826s] copying active_perception/coordinator_node.py -> /home/bluegoose/active_perception_ws/build/active_perception/build/lib/active_perception
[2.828s] copying active_perception/mock_detector_node.py -> /home/bluegoose/active_perception_ws/build/active_perception/build/lib/active_perception
[2.829s] copying active_perception/__init__.py -> /home/bluegoose/active_perception_ws/build/active_perception/build/lib/active_perception
[2.829s] copying active_perception/heuristic_scorer.py -> /home/bluegoose/active_perception_ws/build/active_perception/build/lib/active_perception
[2.831s] copying active_perception/mock_camera_node.py -> /home/bluegoose/active_perception_ws/build/active_perception/build/lib/active_perception
[2.839s] copying active_perception/yolo_detector_node.py -> /home/bluegoose/active_perception_ws/build/active_perception/build/lib/active_perception
[2.840s] running install
[2.851s] running install_lib
[2.897s] copying /home/bluegoose/active_perception_ws/build/active_perception/build/lib/active_perception/coordinator_node.py -> /home/bluegoose/active_perception_ws/install/active_perception/lib/python3.12/site-packages/active_perception
[2.898s] byte-compiling /home/bluegoose/active_perception_ws/install/active_perception/lib/python3.12/site-packages/active_perception/coordinator_node.py to coordinator_node.cpython-312.pyc
[2.900s] running install_data
[2.901s] copying resource/active_perception -> /home/bluegoose/active_perception_ws/install/active_perception/share/ament_index/resource_index/packages
[2.901s] copying package.xml -> /home/bluegoose/active_perception_ws/install/active_perception/share/active_perception
[2.901s] running install_egg_info
[2.946s] removing '/home/bluegoose/active_perception_ws/install/active_perception/lib/python3.12/site-packages/active_perception-0.0.0-py3.12.egg-info' (and everything under it)
[2.946s] Copying ../../build/active_perception/active_perception.egg-info to /home/bluegoose/active_perception_ws/install/active_perception/lib/python3.12/site-packages/active_perception-0.0.0-py3.12.egg-info
[2.948s] running install_scripts
[3.258s] Installing coordinator script to /home/bluegoose/active_perception_ws/install/active_perception/lib/active_perception
[3.259s] Installing heuristic_scorer script to /home/bluegoose/active_perception_ws/install/active_perception/lib/active_perception
[3.259s] Installing mock_camera script to /home/bluegoose/active_perception_ws/install/active_perception/lib/active_perception
[3.259s] Installing mock_detector script to /home/bluegoose/active_perception_ws/install/active_perception/lib/active_perception
[3.259s] Installing vlm_bridge script to /home/bluegoose/active_perception_ws/install/active_perception/lib/active_perception
[3.260s] Installing yolo_detector script to /home/bluegoose/active_perception_ws/install/active_perception/lib/active_perception
[3.260s] writing list of installed files to '/home/bluegoose/active_perception_ws/build/active_perception/install.log'
[3.317s] Invoked command in '/home/bluegoose/active_perception_ws/src/active_perception' returned '0': DEBUGINFOD_URLS=https://debuginfod.ubuntu.com PYTHONPATH=/home/bluegoose/active_perception_ws/build/active_perception/prefix_override:/usr/lib/python3/dist-packages/colcon_core/task/python/colcon_distutils_commands:/home/bluegoose/active_perception_ws/install/active_perception/lib/python3.12/site-packages:/home/bluegoose/active_perception_ws/install/active_perception_interfaces/lib/python3.12/site-packages:/home/bluegoose/active_perception_ws/install/active_perception/lib/python3.12/site-packages:/home/bluegoose/x_perceive_ws/install/x_perceive_sim/lib/python3.12/site-packages:/home/bluegoose/x_perceive_ws/build/x_perceive_reasoning:/home/bluegoose/x_perceive_ws/install/x_perceive_reasoning/lib/python3.12/site-packages:/home/bluegoose/x_perceive_ws/build/x_perceive_perception:/home/bluegoose/x_perceive_ws/install/x_perceive_perception/lib/python3.12/site-packages:/home/bluegoose/x_perceive_ws/install/x_perceive_msgs/lib/python3.12/site-packages:/home/bluegoose/x_perceive_ws/build/x_perceive_bringup:/home/bluegoose/x_perceive_ws/install/x_perceive_bringup/lib/python3.12/site-packages:/opt/ros/jazzy/opt/gz_sim_vendor/lib/python:/opt/ros/jazzy/opt/sdformat_vendor/lib/python:/opt/ros/jazzy/opt/gz_transport_vendor/lib/python:/opt/ros/jazzy/opt/gz_msgs_vendor/lib/python:/opt/ros/jazzy/opt/gz_math_vendor/lib/python:/opt/ros/jazzy/lib/python3.12/site-packages /usr/bin/python3 -W ignore:setup.py install is deprecated -W ignore:easy_install command is deprecated setup.py egg_info --egg-base ../../build/active_perception build --build-base /home/bluegoose/active_perception_ws/build/active_perception/build install --record /home/bluegoose/active_perception_ws/build/active_perception/install.log --install-scripts $base/lib/active_perception --single-version-externally-managed install_data
