/home/bluegoose/active_perception_ws/install/active_perception/lib/python3.12/site-packages/active_perception/vlm_bridge_node.py
/home/bluegoose/active_perception_ws/install/active_perception/lib/python3.12/site-packages/active_perception/coordinator_node.py
/home/bluegoose/active_perception_ws/install/active_perception/lib/python3.12/site-packages/active_perception/mock_detector_node.py
/home/bluegoose/active_perception_ws/install/active_perception/lib/python3.12/site-packages/active_perception/__init__.py
/home/bluegoose/active_perception_ws/install/active_perception/lib/python3.12/site-packages/active_perception/heuristic_scorer.py
/home/bluegoose/active_perception_ws/install/active_perception/lib/python3.12/site-packages/active_perception/mock_camera_node.py
/home/bluegoose/active_perception_ws/install/active_perception/lib/python3.12/site-packages/active_perception/yolo_detector_node.py
/home/bluegoose/active_perception_ws/install/active_perception/lib/python3.12/site-packages/active_perception/__pycache__/vlm_bridge_node.cpython-312.pyc
/home/bluegoose/active_perception_ws/install/active_perception/lib/python3.12/site-packages/active_perception/__pycache__/coordinator_node.cpython-312.pyc
/home/bluegoose/active_perception_ws/install/active_perception/lib/python3.12/site-packages/active_perception/__pycache__/mock_detector_node.cpython-312.pyc
/home/bluegoose/active_perception_ws/install/active_perception/lib/python3.12/site-packages/active_perception/__pycache__/__init__.cpython-312.pyc
/home/bluegoose/active_perception_ws/install/active_perception/lib/python3.12/site-packages/active_perception/__pycache__/heuristic_scorer.cpython-312.pyc
/home/bluegoose/active_perception_ws/install/active_perception/lib/python3.12/site-packages/active_perception/__pycache__/mock_camera_node.cpython-312.pyc
/home/bluegoose/active_perception_ws/install/active_perception/lib/python3.12/site-packages/active_perception/__pycache__/yolo_detector_node.cpython-312.pyc
/home/bluegoose/active_perception_ws/install/active_perception/share/ament_index/resource_index/packages/active_perception
/home/bluegoose/active_perception_ws/install/active_perception/share/active_perception/package.xml
/home/bluegoose/active_perception_ws/install/active_perception/lib/python3.12/site-packages/active_perception-0.0.0-py3.12.egg-info/requires.txt
/home/bluegoose/active_perception_ws/install/active_perception/lib/python3.12/site-packages/active_perception-0.0.0-py3.12.egg-info/top_level.txt
/home/bluegoose/active_perception_ws/install/active_perception/lib/python3.12/site-packages/active_perception-0.0.0-py3.12.egg-info/entry_points.txt
/home/bluegoose/active_perception_ws/install/active_perception/lib/python3.12/site-packages/active_perception-0.0.0-py3.12.egg-info/dependency_links.txt
/home/bluegoose/active_perception_ws/install/active_perception/lib/python3.12/site-packages/active_perception-0.0.0-py3.12.egg-info/SOURCES.txt
/home/bluegoose/active_perception_ws/install/active_perception/lib/python3.12/site-packages/active_perception-0.0.0-py3.12.egg-info/PKG-INFO
/home/bluegoose/active_perception_ws/install/active_perception/lib/python3.12/site-packages/active_perception-0.0.0-py3.12.egg-info/zip-safe
/home/bluegoose/active_perception_ws/install/active_perception/lib/active_perception/coordinator
/home/bluegoose/active_perception_ws/install/active_perception/lib/active_perception/heuristic_scorer
/home/bluegoose/active_perception_ws/install/active_perception/lib/active_perception/mock_camera
/home/bluegoose/active_perception_ws/install/active_perception/lib/active_perception/mock_detector
/home/bluegoose/active_perception_ws/install/active_perception/lib/active_perception/vlm_bridge
/home/bluegoose/active_perception_ws/install/active_perception/lib/active_perception/yolo_detector
