[1.789s] Invoking command in '/home/bluegoose/active_perception_ws/src/active_perception': DEBUGINFOD_URLS=https://debuginfod.ubuntu.com PYTHONPATH=/home/bluegoose/active_perception_ws/build/active_perception/prefix_override:/usr/lib/python3/dist-packages/colcon_core/task/python/colcon_distutils_commands:/home/bluegoose/active_perception_ws/install/active_perception/lib/python3.12/site-packages:/home/bluegoose/active_perception_ws/install/active_perception_interfaces/lib/python3.12/site-packages:/home/bluegoose/active_perception_ws/install/active_perception/lib/python3.12/site-packages:/home/bluegoose/x_perceive_ws/install/x_perceive_sim/lib/python3.12/site-packages:/home/bluegoose/x_perceive_ws/build/x_perceive_reasoning:/home/bluegoose/x_perceive_ws/install/x_perceive_reasoning/lib/python3.12/site-packages:/home/bluegoose/x_perceive_ws/build/x_perceive_perception:/home/bluegoose/x_perceive_ws/install/x_perceive_perception/lib/python3.12/site-packages:/home/bluegoose/x_perceive_ws/install/x_perceive_msgs/lib/python3.12/site-packages:/home/bluegoose/x_perceive_ws/build/x_perceive_bringup:/home/bluegoose/x_perceive_ws/install/x_perceive_bringup/lib/python3.12/site-packages:/opt/ros/jazzy/opt/gz_sim_vendor/lib/python:/opt/ros/jazzy/opt/sdformat_vendor/lib/python:/opt/ros/jazzy/opt/gz_transport_vendor/lib/python:/opt/ros/jazzy/opt/gz_msgs_vendor/lib/python:/opt/ros/jazzy/opt/gz_math_vendor/lib/python:/opt/ros/jazzy/lib/python3.12/site-packages /usr/bin/python3 -W ignore:setup.py install is deprecated -W ignore:easy_install command is deprecated setup.py egg_info --egg-base ../../build/active_perception build --build-base /home/bluegoose/active_perception_ws/build/active_perception/build install --record /home/bluegoose/active_perception_ws/build/active_perception/install.log --install-scripts $base/lib/active_perception --single-version-externally-managed install_data
[2.395s] running egg_info
[2.437s] writing ../../build/active_perception/active_perception.egg-info/PKG-INFO
[2.437s] writing dependency_links to ../../build/active_perception/active_perception.egg-info/dependency_links.txt
[2.438s] writing entry points to ../../build/active_perception/active_perception.egg-info/entry_points.txt
[2.438s] writing requirements to ../../build/active_perception/active_perception.egg-info/requires.txt
[2.438s] writing top-level names to ../../build/active_perception/active_perception.egg-info/top_level.txt
[2.523s] reading manifest file '../../build/active_perception/active_perception.egg-info/SOURCES.txt'
[2.526s] writing manifest file '../../build/active_perception/active_perception.egg-info/SOURCES.txt'
[2.526s] running build
[2.527s] running build_py
[2.527s] copying active_perception/vlm_bridge_node.py -> /home/bluegoose/active_perception_ws/build/active_perception/build/lib/active_perception
[2.527s] copying active_perception/coordinator_node.py -> /home/bluegoose/active_perception_ws/build/active_perception/build/lib/active_perception
[2.528s] copying active_perception/mock_detector_node.py -> /home/bluegoose/active_perception_ws/build/active_perception/build/lib/active_perception
[2.528s] copying active_perception/__init__.py -> /home/bluegoose/active_perception_ws/build/active_perception/build/lib/active_perception
[2.529s] copying active_perception/heuristic_scorer.py -> /home/bluegoose/active_perception_ws/build/active_perception/build/lib/active_perception
[2.529s] copying active_perception/mock_camera_node.py -> /home/bluegoose/active_perception_ws/build/active_perception/build/lib/active_perception
[2.530s] copying active_perception/yolo_detector_node.py -> /home/bluegoose/active_perception_ws/build/active_perception/build/lib/active_perception
[2.531s] running install
[2.539s] running install_lib
[2.582s] copying /home/bluegoose/active_perception_ws/build/active_perception/build/lib/active_perception/yolo_detector_node.py -> /home/bluegoose/active_perception_ws/install/active_perception/lib/python3.12/site-packages/active_perception
[2.583s] byte-compiling /home/bluegoose/active_perception_ws/install/active_perception/lib/python3.12/site-packages/active_perception/yolo_detector_node.py to yolo_detector_node.cpython-312.pyc
[2.584s] running install_data
[2.585s] copying resource/active_perception -> /home/bluegoose/active_perception_ws/install/active_perception/share/ament_index/resource_index/packages
[2.585s] copying package.xml -> /home/bluegoose/active_perception_ws/install/active_perception/share/active_perception
[2.585s] running install_egg_info
[2.627s] removing '/home/bluegoose/active_perception_ws/install/active_perception/lib/python3.12/site-packages/active_perception-0.0.0-py3.12.egg-info' (and everything under it)
[2.627s] Copying ../../build/active_perception/active_perception.egg-info to /home/bluegoose/active_perception_ws/install/active_perception/lib/python3.12/site-packages/active_perception-0.0.0-py3.12.egg-info
[2.629s] running install_scripts
[2.863s] Installing coordinator script to /home/bluegoose/active_perception_ws/install/active_perception/lib/active_perception
[2.863s] Installing heuristic_scorer script to /home/bluegoose/active_perception_ws/install/active_perception/lib/active_perception
[2.864s] Installing mock_camera script to /home/bluegoose/active_perception_ws/install/active_perception/lib/active_perception
[2.864s] Installing mock_detector script to /home/bluegoose/active_perception_ws/install/active_perception/lib/active_perception
[2.864s] Installing vlm_bridge script to /home/bluegoose/active_perception_ws/install/active_perception/lib/active_perception
[2.864s] Installing yolo_detector script to /home/bluegoose/active_perception_ws/install/active_perception/lib/active_perception
[2.865s] writing list of installed files to '/home/bluegoose/active_perception_ws/build/active_perception/install.log'
[2.907s] Invoked command in '/home/bluegoose/active_perception_ws/src/active_perception' returned '0': DEBUGINFOD_URLS=https://debuginfod.ubuntu.com PYTHONPATH=/home/bluegoose/active_perception_ws/build/active_perception/prefix_override:/usr/lib/python3/dist-packages/colcon_core/task/python/colcon_distutils_commands:/home/bluegoose/active_perception_ws/install/active_perception/lib/python3.12/site-packages:/home/bluegoose/active_perception_ws/install/active_perception_interfaces/lib/python3.12/site-packages:/home/bluegoose/active_perception_ws/install/active_perception/lib/python3.12/site-packages:/home/bluegoose/x_perceive_ws/install/x_perceive_sim/lib/python3.12/site-packages:/home/bluegoose/x_perceive_ws/build/x_perceive_reasoning:/home/bluegoose/x_perceive_ws/install/x_perceive_reasoning/lib/python3.12/site-packages:/home/bluegoose/x_perceive_ws/build/x_perceive_perception:/home/bluegoose/x_perceive_ws/install/x_perceive_perception/lib/python3.12/site-packages:/home/bluegoose/x_perceive_ws/install/x_perceive_msgs/lib/python3.12/site-packages:/home/bluegoose/x_perceive_ws/build/x_perceive_bringup:/home/bluegoose/x_perceive_ws/install/x_perceive_bringup/lib/python3.12/site-packages:/opt/ros/jazzy/opt/gz_sim_vendor/lib/python:/opt/ros/jazzy/opt/sdformat_vendor/lib/python:/opt/ros/jazzy/opt/gz_transport_vendor/lib/python:/opt/ros/jazzy/opt/gz_msgs_vendor/lib/python:/opt/ros/jazzy/opt/gz_math_vendor/lib/python:/opt/ros/jazzy/lib/python3.12/site-packages /usr/bin/python3 -W ignore:setup.py install is deprecated -W ignore:easy_install command is deprecated setup.py egg_info --egg-base ../../build/active_perception build --build-base /home/bluegoose/active_perception_ws/build/active_perception/build install --record /home/bluegoose/active_perception_ws/build/active_perception/install.log --install-scripts $base/lib/active_perception --single-version-externally-managed install_data
