[2.222s] Invoking command in '/home/bluegoose/active_perception_ws/src/active_perception': AMENT_PREFIX_PATH=/home/bluegoose/active_perception_ws/install/active_perception_interfaces:${AMENT_PREFIX_PATH} CMAKE_PREFIX_PATH=/home/bluegoose/active_perception_ws/install/active_perception_interfaces:${CMAKE_PREFIX_PATH} DEBUGINFOD_URLS=https://debuginfod.ubuntu.com LD_LIBRARY_PATH=/home/bluegoose/active_perception_ws/install/active_perception_interfaces/lib:${LD_LIBRARY_PATH} PYTHONPATH=/home/bluegoose/active_perception_ws/build/active_perception/prefix_override:/usr/lib/python3/dist-packages/colcon_core/task/python/colcon_distutils_commands:/home/bluegoose/active_perception_ws/install/active_perception/lib/python3.12/site-packages:/home/bluegoose/active_perception_ws/install/active_perception_interfaces/lib/python3.12/site-packages:${PYTHONPATH} /usr/bin/python3 -W ignore:setup.py install is deprecated -W ignore:easy_install command is deprecated setup.py egg_info --egg-base ../../build/active_perception build --build-base /home/bluegoose/active_perception_ws/build/active_perception/build install --record /home/bluegoose/active_perception_ws/build/active_perception/install.log --install-scripts $base/lib/active_perception --single-version-externally-managed install_data
[2.834s] running egg_info
[2.875s] writing ../../build/active_perception/active_perception.egg-info/PKG-INFO
[2.878s] writing dependency_links to ../../build/active_perception/active_perception.egg-info/dependency_links.txt
[2.879s] writing entry points to ../../build/active_perception/active_perception.egg-info/entry_points.txt
[2.880s] writing requirements to ../../build/active_perception/active_perception.egg-info/requires.txt
[2.880s] writing top-level names to ../../build/active_perception/active_perception.egg-info/top_level.txt
[2.967s] reading manifest file '../../build/active_perception/active_perception.egg-info/SOURCES.txt'
[2.970s] writing manifest file '../../build/active_perception/active_perception.egg-info/SOURCES.txt'
[2.970s] running build
[2.971s] running build_py
[2.971s] copying active_perception/vlm_bridge_node.py -> /home/bluegoose/active_perception_ws/build/active_perception/build/lib/active_perception
[2.971s] copying active_perception/coordinator_node.py -> /home/bluegoose/active_perception_ws/build/active_perception/build/lib/active_perception
[2.972s] copying active_perception/__init__.py -> /home/bluegoose/active_perception_ws/build/active_perception/build/lib/active_perception
[2.972s] copying active_perception/interactive_trigger.py -> /home/bluegoose/active_perception_ws/build/active_perception/build/lib/active_perception
[2.972s] copying active_perception/heuristic_scorer.py -> /home/bluegoose/active_perception_ws/build/active_perception/build/lib/active_perception
[2.973s] copying active_perception/yolo_detector_node.py -> /home/bluegoose/active_perception_ws/build/active_perception/build/lib/active_perception
[2.973s] copying active_perception/live_camera_node.py -> /home/bluegoose/active_perception_ws/build/active_perception/build/lib/active_perception
[2.974s] running install
[2.984s] running install_lib
[3.026s] copying /home/bluegoose/active_perception_ws/build/active_perception/build/lib/active_perception/coordinator_node.py -> /home/bluegoose/active_perception_ws/install/active_perception/lib/python3.12/site-packages/active_perception
[3.027s] copying /home/bluegoose/active_perception_ws/build/active_perception/build/lib/active_perception/interactive_trigger.py -> /home/bluegoose/active_perception_ws/install/active_perception/lib/python3.12/site-packages/active_perception
[3.027s] copying /home/bluegoose/active_perception_ws/build/active_perception/build/lib/active_perception/live_camera_node.py -> /home/bluegoose/active_perception_ws/install/active_perception/lib/python3.12/site-packages/active_perception
[3.028s] byte-compiling /home/bluegoose/active_perception_ws/install/active_perception/lib/python3.12/site-packages/active_perception/coordinator_node.py to coordinator_node.cpython-312.pyc
[3.031s] byte-compiling /home/bluegoose/active_perception_ws/install/active_perception/lib/python3.12/site-packages/active_perception/interactive_trigger.py to interactive_trigger.cpython-312.pyc
[3.032s] byte-compiling /home/bluegoose/active_perception_ws/install/active_perception/lib/python3.12/site-packages/active_perception/live_camera_node.py to live_camera_node.cpython-312.pyc
[3.033s] running install_data
[3.034s] copying resource/active_perception -> /home/bluegoose/active_perception_ws/install/active_perception/share/ament_index/resource_index/packages
[3.034s] copying package.xml -> /home/bluegoose/active_perception_ws/install/active_perception/share/active_perception
[3.034s] running install_egg_info
[3.077s] removing '/home/bluegoose/active_perception_ws/install/active_perception/lib/python3.12/site-packages/active_perception-0.0.0-py3.12.egg-info' (and everything under it)
[3.077s] Copying ../../build/active_perception/active_perception.egg-info to /home/bluegoose/active_perception_ws/install/active_perception/lib/python3.12/site-packages/active_perception-0.0.0-py3.12.egg-info
[3.080s] running install_scripts
[3.316s] Installing coordinator script to /home/bluegoose/active_perception_ws/install/active_perception/lib/active_perception
[3.316s] Installing heuristic_scorer script to /home/bluegoose/active_perception_ws/install/active_perception/lib/active_perception
[3.317s] Installing interactive_trigger script to /home/bluegoose/active_perception_ws/install/active_perception/lib/active_perception
[3.317s] Installing live_camera script to /home/bluegoose/active_perception_ws/install/active_perception/lib/active_perception
[3.317s] Installing vlm_bridge script to /home/bluegoose/active_perception_ws/install/active_perception/lib/active_perception
[3.318s] Installing yolo_detector script to /home/bluegoose/active_perception_ws/install/active_perception/lib/active_perception
[3.318s] writing list of installed files to '/home/bluegoose/active_perception_ws/build/active_perception/install.log'
[3.362s] Invoked command in '/home/bluegoose/active_perception_ws/src/active_perception' returned '0': AMENT_PREFIX_PATH=/home/bluegoose/active_perception_ws/install/active_perception_interfaces:${AMENT_PREFIX_PATH} CMAKE_PREFIX_PATH=/home/bluegoose/active_perception_ws/install/active_perception_interfaces:${CMAKE_PREFIX_PATH} DEBUGINFOD_URLS=https://debuginfod.ubuntu.com LD_LIBRARY_PATH=/home/bluegoose/active_perception_ws/install/active_perception_interfaces/lib:${LD_LIBRARY_PATH} PYTHONPATH=/home/bluegoose/active_perception_ws/build/active_perception/prefix_override:/usr/lib/python3/dist-packages/colcon_core/task/python/colcon_distutils_commands:/home/bluegoose/active_perception_ws/install/active_perception/lib/python3.12/site-packages:/home/bluegoose/active_perception_ws/install/active_perception_interfaces/lib/python3.12/site-packages:${PYTHONPATH} /usr/bin/python3 -W ignore:setup.py install is deprecated -W ignore:easy_install command is deprecated setup.py egg_info --egg-base ../../build/active_perception build --build-base /home/bluegoose/active_perception_ws/build/active_perception/build install --record /home/bluegoose/active_perception_ws/build/active_perception/install.log --install-scripts $base/lib/active_perception --single-version-externally-managed install_data
