-- The C compiler identification is GNU 13.3.0
-- The CXX compiler identification is GNU 13.3.0
-- Detecting C compiler ABI info
-- Detecting C compiler ABI info - done
-- Check for working C compiler: /usr/bin/cc - skipped
-- Detecting C compile features
-- Detecting C compile features - done
-- Detecting CXX compiler ABI info
-- Detecting CXX compiler ABI info - done
-- Check for working CXX compiler: /usr/bin/c++ - skipped
-- Detecting CXX compile features
-- Detecting CXX compile features - done
-- Found ament_cmake: 2.5.6 (/opt/ros/jazzy/share/ament_cmake/cmake)
-- Found Python3: /usr/bin/python3 (found version "3.12.3") found components: Interpreter 
-- Found rosidl_default_generators: 1.6.1 (/opt/ros/jazzy/share/rosidl_default_generators/cmake)
-- Using all available rosidl_typesupport_c: rosidl_typesupport_fastrtps_c;rosidl_typesupport_introspection_c
-- Using all available rosidl_typesupport_cpp: rosidl_typesupport_fastrtps_cpp;rosidl_typesupport_introspection_cpp
-- Found rosidl_adapter: 4.6.9 (/opt/ros/jazzy/share/rosidl_adapter/cmake)
-- Found sensor_msgs: 5.3.8 (/opt/ros/jazzy/share/sensor_msgs/cmake)
-- Found ament_cmake_ros: 0.12.1 (/opt/ros/jazzy/share/ament_cmake_ros/cmake)
-- Using all available rosidl_typesupport_c: rosidl_typesupport_fastrtps_c;rosidl_typesupport_introspection_c
-- Using all available rosidl_typesupport_cpp: rosidl_typesupport_fastrtps_cpp;rosidl_typesupport_introspection_cpp
-- Found python_cmake_module: 0.11.1 (/opt/ros/jazzy/share/python_cmake_module/cmake)
-- Found PythonExtra: /usr/bin/python3  
-- Found Python3: /usr/bin/python3 (found version "3.12.3") found components: Interpreter Development NumPy Development.Module Development.Embed 
-- Found Python3: /usr/bin/python3 (found version "3.12.3") found components: Interpreter 
-- Configuring done (5.6s)
-- Generating done (0.0s)
-- Build files have been written to: /home/bluegoose/active_perception_ws/build/active_perception_interfaces
[  2%] [34m[1mGenerating type hashes for ROS interfaces[0m
[  4%] [34m[1mGenerating Rust code for ROS interfaces[0m
[  4%] Built target ament_cmake_python_copy_active_perception_interfaces
[  4%] Built target active_perception_interfaces__rosidl_generator_type_description
[  6%] [34m[1mGenerating C code for ROS interfaces[0m
[  8%] [34m[1mGenerating C++ code for ROS interfaces[0m
[  8%] Built target active_perception_interfaces__rs
running egg_info
creating active_perception_interfaces.egg-info
writing active_perception_interfaces.egg-info/PKG-INFO
writing dependency_links to active_perception_interfaces.egg-info/dependency_links.txt
writing top-level names to active_perception_interfaces.egg-info/top_level.txt
writing manifest file 'active_perception_interfaces.egg-info/SOURCES.txt'
reading manifest file 'active_perception_interfaces.egg-info/SOURCES.txt'
writing manifest file 'active_perception_interfaces.egg-info/SOURCES.txt'
[  8%] Built target ament_cmake_python_build_active_perception_interfaces_egg
[  8%] Built target active_perception_interfaces__cpp
[ 11%] [32mBuilding C object CMakeFiles/active_perception_interfaces__rosidl_generator_c.dir/rosidl_generator_c/active_perception_interfaces/srv/detail/analyze_quality__description.c.o[0m
[ 13%] [32mBuilding C object CMakeFiles/active_perception_interfaces__rosidl_generator_c.dir/rosidl_generator_c/active_perception_interfaces/srv/detail/analyze_quality__type_support.c.o[0m
[ 17%] [32mBuilding C object CMakeFiles/active_perception_interfaces__rosidl_generator_c.dir/rosidl_generator_c/active_perception_interfaces/msg/detail/heuristic_metrics__description.c.o[0m
[ 17%] [32mBuilding C object CMakeFiles/active_perception_interfaces__rosidl_generator_c.dir/rosidl_generator_c/active_perception_interfaces/msg/detail/heuristic_metrics__functions.c.o[0m
[ 20%] [32mBuilding C object CMakeFiles/active_perception_interfaces__rosidl_generator_c.dir/rosidl_generator_c/active_perception_interfaces/msg/detail/heuristic_metrics__type_support.c.o[0m
[ 22%] [32mBuilding C object CMakeFiles/active_perception_interfaces__rosidl_generator_c.dir/rosidl_generator_c/active_perception_interfaces/srv/detail/analyze_quality__functions.c.o[0m
[ 24%] [32m[1mLinking C shared library libactive_perception_interfaces__rosidl_generator_c.so[0m
[ 24%] Built target active_perception_interfaces__rosidl_generator_c
[ 26%] [34m[1mGenerating C type support dispatch for ROS interfaces[0m
[ 28%] [34m[1mGenerating C++ type support dispatch for ROS interfaces[0m
[ 31%] [34m[1mGenerating C++ type support for eProsima Fast-RTPS[0m
[ 33%] [34m[1mGenerating C++ introspection for ROS interfaces[0m
[ 37%] [34m[1mGenerating C introspection for ROS interfaces[0m
[ 37%] [34m[1mGenerating C type support for eProsima Fast-RTPS[0m
[ 40%] [32mBuilding CXX object CMakeFiles/active_perception_interfaces__rosidl_typesupport_introspection_cpp.dir/rosidl_typesupport_introspection_cpp/active_perception_interfaces/msg/detail/heuristic_metrics__type_support.cpp.o[0m
[ 42%] [32mBuilding CXX object CMakeFiles/active_perception_interfaces__rosidl_typesupport_introspection_cpp.dir/rosidl_typesupport_introspection_cpp/active_perception_interfaces/srv/detail/analyze_quality__type_support.cpp.o[0m
[ 44%] [32mBuilding C object CMakeFiles/active_perception_interfaces__rosidl_typesupport_introspection_c.dir/rosidl_typesupport_introspection_c/active_perception_interfaces/msg/detail/heuristic_metrics__type_support.c.o[0m
[ 46%] [32mBuilding C object CMakeFiles/active_perception_interfaces__rosidl_typesupport_introspection_c.dir/rosidl_typesupport_introspection_c/active_perception_interfaces/srv/detail/analyze_quality__type_support.c.o[0m
[ 48%] [32mBuilding CXX object CMakeFiles/active_perception_interfaces__rosidl_typesupport_c.dir/rosidl_typesupport_c/active_perception_interfaces/srv/analyze_quality__type_support.cpp.o[0m
[ 51%] [32m[1mLinking C shared library libactive_perception_interfaces__rosidl_typesupport_introspection_c.so[0m
[ 53%] [32mBuilding CXX object CMakeFiles/active_perception_interfaces__rosidl_typesupport_c.dir/rosidl_typesupport_c/active_perception_interfaces/msg/heuristic_metrics__type_support.cpp.o[0m
[ 55%] [32mBuilding CXX object CMakeFiles/active_perception_interfaces__rosidl_typesupport_cpp.dir/rosidl_typesupport_cpp/active_perception_interfaces/msg/heuristic_metrics__type_support.cpp.o[0m
[ 55%] Built target active_perception_interfaces__rosidl_typesupport_introspection_c
[ 57%] [32mBuilding CXX object CMakeFiles/active_perception_interfaces__rosidl_typesupport_cpp.dir/rosidl_typesupport_cpp/active_perception_interfaces/srv/analyze_quality__type_support.cpp.o[0m
[ 60%] [32m[1mLinking CXX shared library libactive_perception_interfaces__rosidl_typesupport_c.so[0m
[ 60%] Built target active_perception_interfaces__rosidl_typesupport_c
[ 62%] [32mBuilding CXX object CMakeFiles/active_perception_interfaces__rosidl_typesupport_fastrtps_c.dir/rosidl_typesupport_fastrtps_c/active_perception_interfaces/srv/detail/analyze_quality__type_support_c.cpp.o[0m
[ 64%] [32mBuilding CXX object CMakeFiles/active_perception_interfaces__rosidl_typesupport_fastrtps_c.dir/rosidl_typesupport_fastrtps_c/active_perception_interfaces/msg/detail/heuristic_metrics__type_support_c.cpp.o[0m
[ 66%] [32mBuilding CXX object CMakeFiles/active_perception_interfaces__rosidl_typesupport_fastrtps_cpp.dir/rosidl_typesupport_fastrtps_cpp/active_perception_interfaces/msg/detail/dds_fastrtps/heuristic_metrics__type_support.cpp.o[0m
[ 68%] [32mBuilding CXX object CMakeFiles/active_perception_interfaces__rosidl_typesupport_fastrtps_cpp.dir/rosidl_typesupport_fastrtps_cpp/active_perception_interfaces/srv/detail/dds_fastrtps/analyze_quality__type_support.cpp.o[0m
[ 71%] [32m[1mLinking CXX shared library libactive_perception_interfaces__rosidl_typesupport_cpp.so[0m
[ 73%] [32m[1mLinking CXX shared library libactive_perception_interfaces__rosidl_typesupport_introspection_cpp.so[0m
[ 73%] Built target active_perception_interfaces__rosidl_typesupport_cpp
[ 73%] Built target active_perception_interfaces__rosidl_typesupport_introspection_cpp
[ 75%] [32m[1mLinking CXX shared library libactive_perception_interfaces__rosidl_typesupport_fastrtps_c.so[0m
[ 75%] Built target active_perception_interfaces__rosidl_typesupport_fastrtps_c
[ 77%] [32m[1mLinking CXX shared library libactive_perception_interfaces__rosidl_typesupport_fastrtps_cpp.so[0m
[ 77%] Built target active_perception_interfaces__rosidl_typesupport_fastrtps_cpp
[ 77%] Built target active_perception_interfaces
[ 80%] [34m[1mGenerating Python code for ROS interfaces[0m
[ 80%] Built target active_perception_interfaces__py
[ 84%] [32mBuilding C object CMakeFiles/active_perception_interfaces__rosidl_generator_py.dir/rosidl_generator_py/active_perception_interfaces/srv/_analyze_quality_s.c.o[0m
[ 84%] [32mBuilding C object CMakeFiles/active_perception_interfaces__rosidl_generator_py.dir/rosidl_generator_py/active_perception_interfaces/msg/_heuristic_metrics_s.c.o[0m
[ 86%] [32m[1mLinking C shared library libactive_perception_interfaces__rosidl_generator_py.so[0m
[ 86%] Built target active_perception_interfaces__rosidl_generator_py
[ 93%] [32mBuilding C object CMakeFiles/active_perception_interfaces_s__rosidl_typesupport_c.dir/rosidl_generator_py/active_perception_interfaces/_active_perception_interfaces_s.ep.rosidl_typesupport_c.c.o[0m
[ 93%] [32mBuilding C object CMakeFiles/active_perception_interfaces_s__rosidl_typesupport_fastrtps_c.dir/rosidl_generator_py/active_perception_interfaces/_active_perception_interfaces_s.ep.rosidl_typesupport_fastrtps_c.c.o[0m
[ 93%] [32mBuilding C object CMakeFiles/active_perception_interfaces_s__rosidl_typesupport_introspection_c.dir/rosidl_generator_py/active_perception_interfaces/_active_perception_interfaces_s.ep.rosidl_typesupport_introspection_c.c.o[0m
[ 97%] [32m[1mLinking C shared module rosidl_generator_py/active_perception_interfaces/active_perception_interfaces_s__rosidl_typesupport_c.so[0m
[ 97%] [32m[1mLinking C shared module rosidl_generator_py/active_perception_interfaces/active_perception_interfaces_s__rosidl_typesupport_introspection_c.so[0m
[100%] [32m[1mLinking C shared module rosidl_generator_py/active_perception_interfaces/active_perception_interfaces_s__rosidl_typesupport_fastrtps_c.so[0m
[100%] Built target active_perception_interfaces_s__rosidl_typesupport_introspection_c
[100%] Built target active_perception_interfaces_s__rosidl_typesupport_c
[100%] Built target active_perception_interfaces_s__rosidl_typesupport_fastrtps_c
-- Install configuration: ""
-- Installing: /home/bluegoose/active_perception_ws/install/active_perception_interfaces/share/ament_index/resource_index/rosidl_interfaces/active_perception_interfaces
-- Installing: /home/bluegoose/active_perception_ws/install/active_perception_interfaces/share/active_perception_interfaces/msg/HeuristicMetrics.json
-- Installing: /home/bluegoose/active_perception_ws/install/active_perception_interfaces/share/active_perception_interfaces/srv/AnalyzeQuality.json
-- Installing: /home/bluegoose/active_perception_ws/install/active_perception_interfaces/include/active_perception_interfaces/active_perception_interfaces
-- Installing: /home/bluegoose/active_perception_ws/install/active_perception_interfaces/include/active_perception_interfaces/active_perception_interfaces/msg
-- Installing: /home/bluegoose/active_perception_ws/install/active_perception_interfaces/include/active_perception_interfaces/active_perception_interfaces/msg/heuristic_metrics.h
-- Installing: /home/bluegoose/active_perception_ws/install/active_perception_interfaces/include/active_perception_interfaces/active_perception_interfaces/msg/rosidl_generator_c__visibility_control.h
-- Installing: /home/bluegoose/active_perception_ws/install/active_perception_interfaces/include/active_perception_interfaces/active_perception_interfaces/msg/detail
-- Installing: /home/bluegoose/active_perception_ws/install/active_perception_interfaces/include/active_perception_interfaces/active_perception_interfaces/msg/detail/heuristic_metrics__type_support.h
-- Installing: /home/bluegoose/active_perception_ws/install/active_perception_interfaces/include/active_perception_interfaces/active_perception_interfaces/msg/detail/heuristic_metrics__functions.h
-- Installing: /home/bluegoose/active_perception_ws/install/active_perception_interfaces/include/active_perception_interfaces/active_perception_interfaces/msg/detail/heuristic_metrics__struct.h
-- Installing: /home/bluegoose/active_perception_ws/install/active_perception_interfaces/include/active_perception_interfaces/active_perception_interfaces/msg/detail/heuristic_metrics__type_support.c
-- Installing: /home/bluegoose/active_perception_ws/install/active_perception_interfaces/include/active_perception_interfaces/active_perception_interfaces/msg/detail/heuristic_metrics__description.c
-- Installing: /home/bluegoose/active_perception_ws/install/active_perception_interfaces/include/active_perception_interfaces/active_perception_interfaces/msg/detail/heuristic_metrics__functions.c
-- Installing: /home/bluegoose/active_perception_ws/install/active_perception_interfaces/include/active_perception_interfaces/active_perception_interfaces/srv
-- Installing: /home/bluegoose/active_perception_ws/install/active_perception_interfaces/include/active_perception_interfaces/active_perception_interfaces/srv/analyze_quality.h
-- Installing: /home/bluegoose/active_perception_ws/install/active_perception_interfaces/include/active_perception_interfaces/active_perception_interfaces/srv/detail
-- Installing: /home/bluegoose/active_perception_ws/install/active_perception_interfaces/include/active_perception_interfaces/active_perception_interfaces/srv/detail/analyze_quality__type_support.h
-- Installing: /home/bluegoose/active_perception_ws/install/active_perception_interfaces/include/active_perception_interfaces/active_perception_interfaces/srv/detail/analyze_quality__type_support.c
-- Installing: /home/bluegoose/active_perception_ws/install/active_perception_interfaces/include/active_perception_interfaces/active_perception_interfaces/srv/detail/analyze_quality__description.c
-- Installing: /home/bluegoose/active_perception_ws/install/active_perception_interfaces/include/active_perception_interfaces/active_perception_interfaces/srv/detail/analyze_quality__functions.c
-- Installing: /home/bluegoose/active_perception_ws/install/active_perception_interfaces/include/active_perception_interfaces/active_perception_interfaces/srv/detail/analyze_quality__functions.h
-- Installing: /home/bluegoose/active_perception_ws/install/active_perception_interfaces/include/active_perception_interfaces/active_perception_interfaces/srv/detail/analyze_quality__struct.h
-- Installing: /home/bluegoose/active_perception_ws/install/active_perception_interfaces/share/active_perception_interfaces/environment/library_path.sh
-- Installing: /home/bluegoose/active_perception_ws/install/active_perception_interfaces/share/active_perception_interfaces/environment/library_path.dsv
-- Installing: /home/bluegoose/active_perception_ws/install/active_perception_interfaces/lib/libactive_perception_interfaces__rosidl_generator_c.so
-- Set non-toolchain portion of runtime path of "/home/bluegoose/active_perception_ws/install/active_perception_interfaces/lib/libactive_perception_interfaces__rosidl_generator_c.so" to ""
-- Up-to-date: /home/bluegoose/active_perception_ws/install/active_perception_interfaces/include/active_perception_interfaces/active_perception_interfaces
-- Up-to-date: /home/bluegoose/active_perception_ws/install/active_perception_interfaces/include/active_perception_interfaces/active_perception_interfaces/msg
-- Installing: /home/bluegoose/active_perception_ws/install/active_perception_interfaces/include/active_perception_interfaces/active_perception_interfaces/msg/rosidl_typesupport_fastrtps_c__visibility_control.h
-- Up-to-date: /home/bluegoose/active_perception_ws/install/active_perception_interfaces/include/active_perception_interfaces/active_perception_interfaces/msg/detail
-- Installing: /home/bluegoose/active_perception_ws/install/active_perception_interfaces/include/active_perception_interfaces/active_perception_interfaces/msg/detail/heuristic_metrics__rosidl_typesupport_fastrtps_c.h
-- Up-to-date: /home/bluegoose/active_perception_ws/install/active_perception_interfaces/include/active_perception_interfaces/active_perception_interfaces/srv
-- Up-to-date: /home/bluegoose/active_perception_ws/install/active_perception_interfaces/include/active_perception_interfaces/active_perception_interfaces/srv/detail
-- Installing: /home/bluegoose/active_perception_ws/install/active_perception_interfaces/include/active_perception_interfaces/active_perception_interfaces/srv/detail/analyze_quality__rosidl_typesupport_fastrtps_c.h
-- Installing: /home/bluegoose/active_perception_ws/install/active_perception_interfaces/lib/libactive_perception_interfaces__rosidl_typesupport_fastrtps_c.so
-- Set non-toolchain portion of runtime path of "/home/bluegoose/active_perception_ws/install/active_perception_interfaces/lib/libactive_perception_interfaces__rosidl_typesupport_fastrtps_c.so" to ""
-- Up-to-date: /home/bluegoose/active_perception_ws/install/active_perception_interfaces/include/active_perception_interfaces/active_perception_interfaces
-- Up-to-date: /home/bluegoose/active_perception_ws/install/active_perception_interfaces/include/active_perception_interfaces/active_perception_interfaces/msg
-- Installing: /home/bluegoose/active_perception_ws/install/active_perception_interfaces/include/active_perception_interfaces/active_perception_interfaces/msg/rosidl_typesupport_introspection_c__visibility_control.h
-- Up-to-date: /home/bluegoose/active_perception_ws/install/active_perception_interfaces/include/active_perception_interfaces/active_perception_interfaces/msg/detail
-- Up-to-date: /home/bluegoose/active_perception_ws/install/active_perception_interfaces/include/active_perception_interfaces/active_perception_interfaces/msg/detail/heuristic_metrics__type_support.c
-- Installing: /home/bluegoose/active_perception_ws/install/active_perception_interfaces/include/active_perception_interfaces/active_perception_interfaces/msg/detail/heuristic_metrics__rosidl_typesupport_introspection_c.h
-- Up-to-date: /home/bluegoose/active_perception_ws/install/active_perception_interfaces/include/active_perception_interfaces/active_perception_interfaces/srv
-- Up-to-date: /home/bluegoose/active_perception_ws/install/active_perception_interfaces/include/active_perception_interfaces/active_perception_interfaces/srv/detail
-- Installing: /home/bluegoose/active_perception_ws/install/active_perception_interfaces/include/active_perception_interfaces/active_perception_interfaces/srv/detail/analyze_quality__rosidl_typesupport_introspection_c.h
-- Up-to-date: /home/bluegoose/active_perception_ws/install/active_perception_interfaces/include/active_perception_interfaces/active_perception_interfaces/srv/detail/analyze_quality__type_support.c
-- Installing: /home/bluegoose/active_perception_ws/install/active_perception_interfaces/lib/libactive_perception_interfaces__rosidl_typesupport_introspection_c.so
-- Set non-toolchain portion of runtime path of "/home/bluegoose/active_perception_ws/install/active_perception_interfaces/lib/libactive_perception_interfaces__rosidl_typesupport_introspection_c.so" to ""
-- Installing: /home/bluegoose/active_perception_ws/install/active_perception_interfaces/lib/libactive_perception_interfaces__rosidl_typesupport_c.so
-- Set non-toolchain portion of runtime path of "/home/bluegoose/active_perception_ws/install/active_perception_interfaces/lib/libactive_perception_interfaces__rosidl_typesupport_c.so" to ""
-- Up-to-date: /home/bluegoose/active_perception_ws/install/active_perception_interfaces/include/active_perception_interfaces/active_perception_interfaces
-- Up-to-date: /home/bluegoose/active_perception_ws/install/active_perception_interfaces/include/active_perception_interfaces/active_perception_interfaces/msg
-- Installing: /home/bluegoose/active_perception_ws/install/active_perception_interfaces/include/active_perception_interfaces/active_perception_interfaces/msg/heuristic_metrics.hpp
-- Installing: /home/bluegoose/active_perception_ws/install/active_perception_interfaces/include/active_perception_interfaces/active_perception_interfaces/msg/rosidl_generator_cpp__visibility_control.hpp
-- Up-to-date: /home/bluegoose/active_perception_ws/install/active_perception_interfaces/include/active_perception_interfaces/active_perception_interfaces/msg/detail
-- Installing: /home/bluegoose/active_perception_ws/install/active_perception_interfaces/include/active_perception_interfaces/active_perception_interfaces/msg/detail/heuristic_metrics__traits.hpp
-- Installing: /home/bluegoose/active_perception_ws/install/active_perception_interfaces/include/active_perception_interfaces/active_perception_interfaces/msg/detail/heuristic_metrics__builder.hpp
-- Installing: /home/bluegoose/active_perception_ws/install/active_perception_interfaces/include/active_perception_interfaces/active_perception_interfaces/msg/detail/heuristic_metrics__type_support.hpp
-- Installing: /home/bluegoose/active_perception_ws/install/active_perception_interfaces/include/active_perception_interfaces/active_perception_interfaces/msg/detail/heuristic_metrics__struct.hpp
-- Up-to-date: /home/bluegoose/active_perception_ws/install/active_perception_interfaces/include/active_perception_interfaces/active_perception_interfaces/srv
-- Installing: /home/bluegoose/active_perception_ws/install/active_perception_interfaces/include/active_perception_interfaces/active_perception_interfaces/srv/analyze_quality.hpp
-- Up-to-date: /home/bluegoose/active_perception_ws/install/active_perception_interfaces/include/active_perception_interfaces/active_perception_interfaces/srv/detail
-- Installing: /home/bluegoose/active_perception_ws/install/active_perception_interfaces/include/active_perception_interfaces/active_perception_interfaces/srv/detail/analyze_quality__builder.hpp
-- Installing: /home/bluegoose/active_perception_ws/install/active_perception_interfaces/include/active_perception_interfaces/active_perception_interfaces/srv/detail/analyze_quality__struct.hpp
-- Installing: /home/bluegoose/active_perception_ws/install/active_perception_interfaces/include/active_perception_interfaces/active_perception_interfaces/srv/detail/analyze_quality__type_support.hpp
-- Installing: /home/bluegoose/active_perception_ws/install/active_perception_interfaces/include/active_perception_interfaces/active_perception_interfaces/srv/detail/analyze_quality__traits.hpp
-- Up-to-date: /home/bluegoose/active_perception_ws/install/active_perception_interfaces/include/active_perception_interfaces/active_perception_interfaces
-- Up-to-date: /home/bluegoose/active_perception_ws/install/active_perception_interfaces/include/active_perception_interfaces/active_perception_interfaces/msg
-- Installing: /home/bluegoose/active_perception_ws/install/active_perception_interfaces/include/active_perception_interfaces/active_perception_interfaces/msg/rosidl_typesupport_fastrtps_cpp__visibility_control.h
-- Up-to-date: /home/bluegoose/active_perception_ws/install/active_perception_interfaces/include/active_perception_interfaces/active_perception_interfaces/msg/detail
-- Installing: /home/bluegoose/active_perception_ws/install/active_perception_interfaces/include/active_perception_interfaces/active_perception_interfaces/msg/detail/heuristic_metrics__rosidl_typesupport_fastrtps_cpp.hpp
-- Installing: /home/bluegoose/active_perception_ws/install/active_perception_interfaces/include/active_perception_interfaces/active_perception_interfaces/msg/detail/dds_fastrtps
-- Up-to-date: /home/bluegoose/active_perception_ws/install/active_perception_interfaces/include/active_perception_interfaces/active_perception_interfaces/srv
-- Up-to-date: /home/bluegoose/active_perception_ws/install/active_perception_interfaces/include/active_perception_interfaces/active_perception_interfaces/srv/detail
-- Installing: /home/bluegoose/active_perception_ws/install/active_perception_interfaces/include/active_perception_interfaces/active_perception_interfaces/srv/detail/dds_fastrtps
-- Installing: /home/bluegoose/active_perception_ws/install/active_perception_interfaces/include/active_perception_interfaces/active_perception_interfaces/srv/detail/analyze_quality__rosidl_typesupport_fastrtps_cpp.hpp
-- Installing: /home/bluegoose/active_perception_ws/install/active_perception_interfaces/lib/libactive_perception_interfaces__rosidl_typesupport_fastrtps_cpp.so
-- Set non-toolchain portion of runtime path of "/home/bluegoose/active_perception_ws/install/active_perception_interfaces/lib/libactive_perception_interfaces__rosidl_typesupport_fastrtps_cpp.so" to ""
-- Up-to-date: /home/bluegoose/active_perception_ws/install/active_perception_interfaces/include/active_perception_interfaces/active_perception_interfaces
-- Up-to-date: /home/bluegoose/active_perception_ws/install/active_perception_interfaces/include/active_perception_interfaces/active_perception_interfaces/msg
-- Up-to-date: /home/bluegoose/active_perception_ws/install/active_perception_interfaces/include/active_perception_interfaces/active_perception_interfaces/msg/detail
-- Installing: /home/bluegoose/active_perception_ws/install/active_perception_interfaces/include/active_perception_interfaces/active_perception_interfaces/msg/detail/heuristic_metrics__type_support.cpp
-- Installing: /home/bluegoose/active_perception_ws/install/active_perception_interfaces/include/active_perception_interfaces/active_perception_interfaces/msg/detail/heuristic_metrics__rosidl_typesupport_introspection_cpp.hpp
-- Up-to-date: /home/bluegoose/active_perception_ws/install/active_perception_interfaces/include/active_perception_interfaces/active_perception_interfaces/srv
-- Up-to-date: /home/bluegoose/active_perception_ws/install/active_perception_interfaces/include/active_perception_interfaces/active_perception_interfaces/srv/detail
-- Installing: /home/bluegoose/active_perception_ws/install/active_perception_interfaces/include/active_perception_interfaces/active_perception_interfaces/srv/detail/analyze_quality__type_support.cpp
-- Installing: /home/bluegoose/active_perception_ws/install/active_perception_interfaces/include/active_perception_interfaces/active_perception_interfaces/srv/detail/analyze_quality__rosidl_typesupport_introspection_cpp.hpp
-- Installing: /home/bluegoose/active_perception_ws/install/active_perception_interfaces/lib/libactive_perception_interfaces__rosidl_typesupport_introspection_cpp.so
-- Set non-toolchain portion of runtime path of "/home/bluegoose/active_perception_ws/install/active_perception_interfaces/lib/libactive_perception_interfaces__rosidl_typesupport_introspection_cpp.so" to ""
-- Installing: /home/bluegoose/active_perception_ws/install/active_perception_interfaces/lib/libactive_perception_interfaces__rosidl_typesupport_cpp.so
-- Set non-toolchain portion of runtime path of "/home/bluegoose/active_perception_ws/install/active_perception_interfaces/lib/libactive_perception_interfaces__rosidl_typesupport_cpp.so" to ""
-- Installing: /home/bluegoose/active_perception_ws/install/active_perception_interfaces/share/active_perception_interfaces/environment/pythonpath.sh
-- Installing: /home/bluegoose/active_perception_ws/install/active_perception_interfaces/share/active_perception_interfaces/environment/pythonpath.dsv
-- Installing: /home/bluegoose/active_perception_ws/install/active_perception_interfaces/lib/python3.12/site-packages/active_perception_interfaces-0.0.0-py3.12.egg-info
-- Installing: /home/bluegoose/active_perception_ws/install/active_perception_interfaces/lib/python3.12/site-packages/active_perception_interfaces-0.0.0-py3.12.egg-info/top_level.txt
-- Installing: /home/bluegoose/active_perception_ws/install/active_perception_interfaces/lib/python3.12/site-packages/active_perception_interfaces-0.0.0-py3.12.egg-info/dependency_links.txt
-- Installing: /home/bluegoose/active_perception_ws/install/active_perception_interfaces/lib/python3.12/site-packages/active_perception_interfaces-0.0.0-py3.12.egg-info/SOURCES.txt
-- Installing: /home/bluegoose/active_perception_ws/install/active_perception_interfaces/lib/python3.12/site-packages/active_perception_interfaces-0.0.0-py3.12.egg-info/PKG-INFO
-- Installing: /home/bluegoose/active_perception_ws/install/active_perception_interfaces/lib/python3.12/site-packages/active_perception_interfaces
-- Installing: /home/bluegoose/active_perception_ws/install/active_perception_interfaces/lib/python3.12/site-packages/active_perception_interfaces/active_perception_interfaces_s__rosidl_typesupport_fastrtps_c.so
-- Installing: /home/bluegoose/active_perception_ws/install/active_perception_interfaces/lib/python3.12/site-packages/active_perception_interfaces/msg
-- Installing: /home/bluegoose/active_perception_ws/install/active_perception_interfaces/lib/python3.12/site-packages/active_perception_interfaces/msg/_heuristic_metrics.py
-- Installing: /home/bluegoose/active_perception_ws/install/active_perception_interfaces/lib/python3.12/site-packages/active_perception_interfaces/msg/_heuristic_metrics_s.c
-- Installing: /home/bluegoose/active_perception_ws/install/active_perception_interfaces/lib/python3.12/site-packages/active_perception_interfaces/msg/__init__.py
-- Installing: /home/bluegoose/active_perception_ws/install/active_perception_interfaces/lib/python3.12/site-packages/active_perception_interfaces/_active_perception_interfaces_s.ep.rosidl_typesupport_c.c
-- Installing: /home/bluegoose/active_perception_ws/install/active_perception_interfaces/lib/python3.12/site-packages/active_perception_interfaces/__init__.py
-- Installing: /home/bluegoose/active_perception_ws/install/active_perception_interfaces/lib/python3.12/site-packages/active_perception_interfaces/active_perception_interfaces_s__rosidl_typesupport_c.so
-- Installing: /home/bluegoose/active_perception_ws/install/active_perception_interfaces/lib/python3.12/site-packages/active_perception_interfaces/srv
-- Installing: /home/bluegoose/active_perception_ws/install/active_perception_interfaces/lib/python3.12/site-packages/active_perception_interfaces/srv/_analyze_quality.py
-- Installing: /home/bluegoose/active_perception_ws/install/active_perception_interfaces/lib/python3.12/site-packages/active_perception_interfaces/srv/__init__.py
-- Installing: /home/bluegoose/active_perception_ws/install/active_perception_interfaces/lib/python3.12/site-packages/active_perception_interfaces/srv/_analyze_quality_s.c
-- Installing: /home/bluegoose/active_perception_ws/install/active_perception_interfaces/lib/python3.12/site-packages/active_perception_interfaces/active_perception_interfaces_s__rosidl_typesupport_introspection_c.so
-- Installing: /home/bluegoose/active_perception_ws/install/active_perception_interfaces/lib/python3.12/site-packages/active_perception_interfaces/_active_perception_interfaces_s.ep.rosidl_typesupport_introspection_c.c
-- Installing: /home/bluegoose/active_perception_ws/install/active_perception_interfaces/lib/python3.12/site-packages/active_perception_interfaces/_active_perception_interfaces_s.ep.rosidl_typesupport_fastrtps_c.c
Listing '/home/bluegoose/active_perception_ws/install/active_perception_interfaces/lib/python3.12/site-packages/active_perception_interfaces'...
Compiling '/home/bluegoose/active_perception_ws/install/active_perception_interfaces/lib/python3.12/site-packages/active_perception_interfaces/__init__.py'...
Listing '/home/bluegoose/active_perception_ws/install/active_perception_interfaces/lib/python3.12/site-packages/active_perception_interfaces/msg'...
Compiling '/home/bluegoose/active_perception_ws/install/active_perception_interfaces/lib/python3.12/site-packages/active_perception_interfaces/msg/__init__.py'...
Compiling '/home/bluegoose/active_perception_ws/install/active_perception_interfaces/lib/python3.12/site-packages/active_perception_interfaces/msg/_heuristic_metrics.py'...
Listing '/home/bluegoose/active_perception_ws/install/active_perception_interfaces/lib/python3.12/site-packages/active_perception_interfaces/srv'...
Compiling '/home/bluegoose/active_perception_ws/install/active_perception_interfaces/lib/python3.12/site-packages/active_perception_interfaces/srv/__init__.py'...
Compiling '/home/bluegoose/active_perception_ws/install/active_perception_interfaces/lib/python3.12/site-packages/active_perception_interfaces/srv/_analyze_quality.py'...
-- Installing: /home/bluegoose/active_perception_ws/install/active_perception_interfaces/lib/python3.12/site-packages/active_perception_interfaces/active_perception_interfaces_s__rosidl_typesupport_fastrtps_c.so
-- Set non-toolchain portion of runtime path of "/home/bluegoose/active_perception_ws/install/active_perception_interfaces/lib/python3.12/site-packages/active_perception_interfaces/active_perception_interfaces_s__rosidl_typesupport_fastrtps_c.so" to ""
-- Installing: /home/bluegoose/active_perception_ws/install/active_perception_interfaces/lib/python3.12/site-packages/active_perception_interfaces/active_perception_interfaces_s__rosidl_typesupport_introspection_c.so
-- Set non-toolchain portion of runtime path of "/home/bluegoose/active_perception_ws/install/active_perception_interfaces/lib/python3.12/site-packages/active_perception_interfaces/active_perception_interfaces_s__rosidl_typesupport_introspection_c.so" to ""
-- Installing: /home/bluegoose/active_perception_ws/install/active_perception_interfaces/lib/python3.12/site-packages/active_perception_interfaces/active_perception_interfaces_s__rosidl_typesupport_c.so
-- Set non-toolchain portion of runtime path of "/home/bluegoose/active_perception_ws/install/active_perception_interfaces/lib/python3.12/site-packages/active_perception_interfaces/active_perception_interfaces_s__rosidl_typesupport_c.so" to ""
-- Installing: /home/bluegoose/active_perception_ws/install/active_perception_interfaces/lib/libactive_perception_interfaces__rosidl_generator_py.so
-- Set non-toolchain portion of runtime path of "/home/bluegoose/active_perception_ws/install/active_perception_interfaces/lib/libactive_perception_interfaces__rosidl_generator_py.so" to ""
-- Installing: /home/bluegoose/active_perception_ws/install/active_perception_interfaces/share/active_perception_interfaces/rust
-- Installing: /home/bluegoose/active_perception_ws/install/active_perception_interfaces/share/active_perception_interfaces/rust/build.rs
-- Installing: /home/bluegoose/active_perception_ws/install/active_perception_interfaces/share/active_perception_interfaces/rust/Cargo.toml
-- Installing: /home/bluegoose/active_perception_ws/install/active_perception_interfaces/share/active_perception_interfaces/rust/src
-- Installing: /home/bluegoose/active_perception_ws/install/active_perception_interfaces/share/active_perception_interfaces/rust/src/lib.rs
-- Installing: /home/bluegoose/active_perception_ws/install/active_perception_interfaces/share/active_perception_interfaces/rust/src/msg
-- Installing: /home/bluegoose/active_perception_ws/install/active_perception_interfaces/share/active_perception_interfaces/rust/src/msg/rmw.rs
-- Installing: /home/bluegoose/active_perception_ws/install/active_perception_interfaces/share/active_perception_interfaces/rust/src/msg.rs
-- Installing: /home/bluegoose/active_perception_ws/install/active_perception_interfaces/share/active_perception_interfaces/rust/src/srv
-- Installing: /home/bluegoose/active_perception_ws/install/active_perception_interfaces/share/active_perception_interfaces/rust/src/srv/rmw.rs
-- Installing: /home/bluegoose/active_perception_ws/install/active_perception_interfaces/share/active_perception_interfaces/rust/src/srv.rs
-- Installing: /home/bluegoose/active_perception_ws/install/active_perception_interfaces/share/active_perception_interfaces/msg/HeuristicMetrics.idl
-- Installing: /home/bluegoose/active_perception_ws/install/active_perception_interfaces/share/active_perception_interfaces/srv/AnalyzeQuality.idl
-- Installing: /home/bluegoose/active_perception_ws/install/active_perception_interfaces/share/active_perception_interfaces/msg/HeuristicMetrics.msg
-- Installing: /home/bluegoose/active_perception_ws/install/active_perception_interfaces/share/active_perception_interfaces/srv/AnalyzeQuality.srv
-- Installing: /home/bluegoose/active_perception_ws/install/active_perception_interfaces/share/ament_index/resource_index/package_run_dependencies/active_perception_interfaces
-- Installing: /home/bluegoose/active_perception_ws/install/active_perception_interfaces/share/ament_index/resource_index/parent_prefix_path/active_perception_interfaces
-- Installing: /home/bluegoose/active_perception_ws/install/active_perception_interfaces/share/active_perception_interfaces/environment/ament_prefix_path.sh
-- Installing: /home/bluegoose/active_perception_ws/install/active_perception_interfaces/share/active_perception_interfaces/environment/ament_prefix_path.dsv
-- Installing: /home/bluegoose/active_perception_ws/install/active_perception_interfaces/share/active_perception_interfaces/environment/path.sh
-- Installing: /home/bluegoose/active_perception_ws/install/active_perception_interfaces/share/active_perception_interfaces/environment/path.dsv
-- Installing: /home/bluegoose/active_perception_ws/install/active_perception_interfaces/share/active_perception_interfaces/local_setup.bash
-- Installing: /home/bluegoose/active_perception_ws/install/active_perception_interfaces/share/active_perception_interfaces/local_setup.sh
-- Installing: /home/bluegoose/active_perception_ws/install/active_perception_interfaces/share/active_perception_interfaces/local_setup.zsh
-- Installing: /home/bluegoose/active_perception_ws/install/active_perception_interfaces/share/active_perception_interfaces/local_setup.dsv
-- Installing: /home/bluegoose/active_perception_ws/install/active_perception_interfaces/share/active_perception_interfaces/package.dsv
-- Installing: /home/bluegoose/active_perception_ws/install/active_perception_interfaces/share/ament_index/resource_index/packages/active_perception_interfaces
-- Installing: /home/bluegoose/active_perception_ws/install/active_perception_interfaces/share/active_perception_interfaces/cmake/export_active_perception_interfaces__rosidl_generator_cExport.cmake
-- Installing: /home/bluegoose/active_perception_ws/install/active_perception_interfaces/share/active_perception_interfaces/cmake/export_active_perception_interfaces__rosidl_generator_cExport-noconfig.cmake
-- Installing: /home/bluegoose/active_perception_ws/install/active_perception_interfaces/share/active_perception_interfaces/cmake/export_active_perception_interfaces__rosidl_typesupport_fastrtps_cExport.cmake
-- Installing: /home/bluegoose/active_perception_ws/install/active_perception_interfaces/share/active_perception_interfaces/cmake/export_active_perception_interfaces__rosidl_typesupport_fastrtps_cExport-noconfig.cmake
-- Installing: /home/bluegoose/active_perception_ws/install/active_perception_interfaces/share/active_perception_interfaces/cmake/active_perception_interfaces__rosidl_typesupport_introspection_cExport.cmake
-- Installing: /home/bluegoose/active_perception_ws/install/active_perception_interfaces/share/active_perception_interfaces/cmake/active_perception_interfaces__rosidl_typesupport_introspection_cExport-noconfig.cmake
-- Installing: /home/bluegoose/active_perception_ws/install/active_perception_interfaces/share/active_perception_interfaces/cmake/active_perception_interfaces__rosidl_typesupport_cExport.cmake
-- Installing: /home/bluegoose/active_perception_ws/install/active_perception_interfaces/share/active_perception_interfaces/cmake/active_perception_interfaces__rosidl_typesupport_cExport-noconfig.cmake
-- Installing: /home/bluegoose/active_perception_ws/install/active_perception_interfaces/share/active_perception_interfaces/cmake/export_active_perception_interfaces__rosidl_generator_cppExport.cmake
-- Installing: /home/bluegoose/active_perception_ws/install/active_perception_interfaces/share/active_perception_interfaces/cmake/export_active_perception_interfaces__rosidl_typesupport_fastrtps_cppExport.cmake
-- Installing: /home/bluegoose/active_perception_ws/install/active_perception_interfaces/share/active_perception_interfaces/cmake/export_active_perception_interfaces__rosidl_typesupport_fastrtps_cppExport-noconfig.cmake
-- Installing: /home/bluegoose/active_perception_ws/install/active_perception_interfaces/share/active_perception_interfaces/cmake/active_perception_interfaces__rosidl_typesupport_introspection_cppExport.cmake
-- Installing: /home/bluegoose/active_perception_ws/install/active_perception_interfaces/share/active_perception_interfaces/cmake/active_perception_interfaces__rosidl_typesupport_introspection_cppExport-noconfig.cmake
-- Installing: /home/bluegoose/active_perception_ws/install/active_perception_interfaces/share/active_perception_interfaces/cmake/active_perception_interfaces__rosidl_typesupport_cppExport.cmake
-- Installing: /home/bluegoose/active_perception_ws/install/active_perception_interfaces/share/active_perception_interfaces/cmake/active_perception_interfaces__rosidl_typesupport_cppExport-noconfig.cmake
-- Installing: /home/bluegoose/active_perception_ws/install/active_perception_interfaces/share/active_perception_interfaces/cmake/export_active_perception_interfaces__rosidl_generator_pyExport.cmake
-- Installing: /home/bluegoose/active_perception_ws/install/active_perception_interfaces/share/active_perception_interfaces/cmake/export_active_perception_interfaces__rosidl_generator_pyExport-noconfig.cmake
-- Installing: /home/bluegoose/active_perception_ws/install/active_perception_interfaces/share/active_perception_interfaces/cmake/rosidl_cmake-extras.cmake
-- Installing: /home/bluegoose/active_perception_ws/install/active_perception_interfaces/share/active_perception_interfaces/cmake/ament_cmake_export_dependencies-extras.cmake
-- Installing: /home/bluegoose/active_perception_ws/install/active_perception_interfaces/share/active_perception_interfaces/cmake/ament_cmake_export_include_directories-extras.cmake
-- Installing: /home/bluegoose/active_perception_ws/install/active_perception_interfaces/share/active_perception_interfaces/cmake/ament_cmake_export_libraries-extras.cmake
-- Installing: /home/bluegoose/active_perception_ws/install/active_perception_interfaces/share/active_perception_interfaces/cmake/ament_cmake_export_targets-extras.cmake
-- Installing: /home/bluegoose/active_perception_ws/install/active_perception_interfaces/share/active_perception_interfaces/cmake/rosidl_cmake_export_typesupport_targets-extras.cmake
-- Installing: /home/bluegoose/active_perception_ws/install/active_perception_interfaces/share/active_perception_interfaces/cmake/rosidl_cmake_export_typesupport_libraries-extras.cmake
-- Installing: /home/bluegoose/active_perception_ws/install/active_perception_interfaces/share/active_perception_interfaces/cmake/rosidl_cmake_aggregate_target-extras.cmake
-- Installing: /home/bluegoose/active_perception_ws/install/active_perception_interfaces/share/active_perception_interfaces/cmake/active_perception_interfacesConfig.cmake
-- Installing: /home/bluegoose/active_perception_ws/install/active_perception_interfaces/share/active_perception_interfaces/cmake/active_perception_interfacesConfig-version.cmake
-- Installing: /home/bluegoose/active_perception_ws/install/active_perception_interfaces/share/active_perception_interfaces/package.xml
