[0.023s] Invoking command in '/home/bluegoose/active_perception_ws/build/active_perception_interfaces': CMAKE_PREFIX_PATH=${CMAKE_PREFIX_PATH}:/home/bluegoose/x_perceive_ws/install/x_perceive_sim:/home/bluegoose/x_perceive_ws/install/x_perceive_reasoning:/home/bluegoose/x_perceive_ws/install/x_perceive_perception:/home/bluegoose/x_perceive_ws/install/x_perceive_bringup:/opt/ros/jazzy DEBUGINFOD_URLS=https://debuginfod.ubuntu.com /usr/bin/cmake /home/bluegoose/active_perception_ws/src/active_perception_interfaces -DCMAKE_INSTALL_PREFIX=/home/bluegoose/active_perception_ws/install/active_perception_interfaces
[0.341s] -- The C compiler identification is GNU 13.3.0
[0.597s] -- The CXX compiler identification is GNU 13.3.0
[0.626s] -- Detecting C compiler ABI info
[0.809s] -- Detecting C compiler ABI info - done
[0.826s] -- Check for working C compiler: /usr/bin/cc - skipped
[0.830s] -- Detecting C compile features
[0.831s] -- Detecting C compile features - done
[0.847s] -- Detecting CXX compiler ABI info
[0.987s] -- Detecting CXX compiler ABI info - done
[1.009s] -- Check for working CXX compiler: /usr/bin/c++ - skipped
[1.010s] -- Detecting CXX compile features
[1.011s] -- Detecting CXX compile features - done
[1.042s] -- Found ament_cmake: 2.5.6 (/opt/ros/jazzy/share/ament_cmake/cmake)
[1.257s] -- Found Python3: /usr/bin/python3 (found version "3.12.3") found components: Interpreter 
[1.451s] -- Found rosidl_default_generators: 1.6.1 (/opt/ros/jazzy/share/rosidl_default_generators/cmake)
[1.472s] -- Using all available rosidl_typesupport_c: rosidl_typesupport_fastrtps_c;rosidl_typesupport_introspection_c
[1.604s] -- Using all available rosidl_typesupport_cpp: rosidl_typesupport_fastrtps_cpp;rosidl_typesupport_introspection_cpp
[1.718s] -- Found rosidl_adapter: 4.6.9 (/opt/ros/jazzy/share/rosidl_adapter/cmake)
[1.732s] -- Found sensor_msgs: 5.3.8 (/opt/ros/jazzy/share/sensor_msgs/cmake)
[2.755s] -- Found ament_cmake_ros: 0.12.1 (/opt/ros/jazzy/share/ament_cmake_ros/cmake)
[3.481s] -- Using all available rosidl_typesupport_c: rosidl_typesupport_fastrtps_c;rosidl_typesupport_introspection_c
[4.400s] -- Using all available rosidl_typesupport_cpp: rosidl_typesupport_fastrtps_cpp;rosidl_typesupport_introspection_cpp
[4.410s] -- Found python_cmake_module: 0.11.1 (/opt/ros/jazzy/share/python_cmake_module/cmake)
[4.577s] -- Found PythonExtra: /usr/bin/python3  
[5.390s] -- Found Python3: /usr/bin/python3 (found version "3.12.3") found components: Interpreter Development NumPy Development.Module Development.Embed 
[5.578s] -- Found Python3: /usr/bin/python3 (found version "3.12.3") found components: Interpreter 
[5.596s] -- Configuring done (5.6s)
[5.654s] -- Generating done (0.0s)
[5.672s] -- Build files have been written to: /home/bluegoose/active_perception_ws/build/active_perception_interfaces
[5.684s] Invoked command in '/home/bluegoose/active_perception_ws/build/active_perception_interfaces' returned '0': CMAKE_PREFIX_PATH=${CMAKE_PREFIX_PATH}:/home/bluegoose/x_perceive_ws/install/x_perceive_sim:/home/bluegoose/x_perceive_ws/install/x_perceive_reasoning:/home/bluegoose/x_perceive_ws/install/x_perceive_perception:/home/bluegoose/x_perceive_ws/install/x_perceive_bringup:/opt/ros/jazzy DEBUGINFOD_URLS=https://debuginfod.ubuntu.com /usr/bin/cmake /home/bluegoose/active_perception_ws/src/active_perception_interfaces -DCMAKE_INSTALL_PREFIX=/home/bluegoose/active_perception_ws/install/active_perception_interfaces
[5.686s] Invoking command in '/home/bluegoose/active_perception_ws/build/active_perception_interfaces': CMAKE_PREFIX_PATH=${CMAKE_PREFIX_PATH}:/home/bluegoose/x_perceive_ws/install/x_perceive_sim:/home/bluegoose/x_perceive_ws/install/x_perceive_reasoning:/home/bluegoose/x_perceive_ws/install/x_perceive_perception:/home/bluegoose/x_perceive_ws/install/x_perceive_bringup:/opt/ros/jazzy DEBUGINFOD_URLS=https://debuginfod.ubuntu.com /usr/bin/cmake --build /home/bluegoose/active_perception_ws/build/active_perception_interfaces -- -j8 -l8
[5.752s] [  2%] [34m[1mGenerating type hashes for ROS interfaces[0m
[5.752s] [  4%] [34m[1mGenerating Rust code for ROS interfaces[0m
[5.763s] [  4%] Built target ament_cmake_python_copy_active_perception_interfaces
[6.078s] [  4%] Built target active_perception_interfaces__rosidl_generator_type_description
[6.093s] [  6%] [34m[1mGenerating C code for ROS interfaces[0m
[6.106s] [  8%] [34m[1mGenerating C++ code for ROS interfaces[0m
[6.119s] [  8%] Built target active_perception_interfaces__rs
[6.129s] running egg_info
[6.159s] creating active_perception_interfaces.egg-info
[6.159s] writing active_perception_interfaces.egg-info/PKG-INFO
[6.160s] writing dependency_links to active_perception_interfaces.egg-info/dependency_links.txt
[6.160s] writing top-level names to active_perception_interfaces.egg-info/top_level.txt
[6.160s] writing manifest file 'active_perception_interfaces.egg-info/SOURCES.txt'
[6.249s] reading manifest file 'active_perception_interfaces.egg-info/SOURCES.txt'
[6.249s] writing manifest file 'active_perception_interfaces.egg-info/SOURCES.txt'
[6.288s] [  8%] Built target ament_cmake_python_build_active_perception_interfaces_egg
[6.482s] [  8%] Built target active_perception_interfaces__cpp
[6.542s] [ 11%] [32mBuilding C object CMakeFiles/active_perception_interfaces__rosidl_generator_c.dir/rosidl_generator_c/active_perception_interfaces/srv/detail/analyze_quality__description.c.o[0m
[6.543s] [ 13%] [32mBuilding C object CMakeFiles/active_perception_interfaces__rosidl_generator_c.dir/rosidl_generator_c/active_perception_interfaces/srv/detail/analyze_quality__type_support.c.o[0m
[6.545s] [ 17%] [32mBuilding C object CMakeFiles/active_perception_interfaces__rosidl_generator_c.dir/rosidl_generator_c/active_perception_interfaces/msg/detail/heuristic_metrics__description.c.o[0m
[6.545s] [ 17%] [32mBuilding C object CMakeFiles/active_perception_interfaces__rosidl_generator_c.dir/rosidl_generator_c/active_perception_interfaces/msg/detail/heuristic_metrics__functions.c.o[0m
[6.545s] [ 20%] [32mBuilding C object CMakeFiles/active_perception_interfaces__rosidl_generator_c.dir/rosidl_generator_c/active_perception_interfaces/msg/detail/heuristic_metrics__type_support.c.o[0m
[6.547s] [ 22%] [32mBuilding C object CMakeFiles/active_perception_interfaces__rosidl_generator_c.dir/rosidl_generator_c/active_perception_interfaces/srv/detail/analyze_quality__functions.c.o[0m
[6.682s] [ 24%] [32m[1mLinking C shared library libactive_perception_interfaces__rosidl_generator_c.so[0m
[6.746s] [ 24%] Built target active_perception_interfaces__rosidl_generator_c
[6.760s] [ 26%] [34m[1mGenerating C type support dispatch for ROS interfaces[0m
[6.761s] [ 28%] [34m[1mGenerating C++ type support dispatch for ROS interfaces[0m
[6.765s] [ 31%] [34m[1mGenerating C++ type support for eProsima Fast-RTPS[0m
[6.766s] [ 33%] [34m[1mGenerating C++ introspection for ROS interfaces[0m
[6.767s] [ 37%] [34m[1mGenerating C introspection for ROS interfaces[0m
[6.767s] [ 37%] [34m[1mGenerating C type support for eProsima Fast-RTPS[0m
[7.136s] [ 40%] [32mBuilding CXX object CMakeFiles/active_perception_interfaces__rosidl_typesupport_introspection_cpp.dir/rosidl_typesupport_introspection_cpp/active_perception_interfaces/msg/detail/heuristic_metrics__type_support.cpp.o[0m
[7.138s] [ 42%] [32mBuilding CXX object CMakeFiles/active_perception_interfaces__rosidl_typesupport_introspection_cpp.dir/rosidl_typesupport_introspection_cpp/active_perception_interfaces/srv/detail/analyze_quality__type_support.cpp.o[0m
[7.162s] [ 44%] [32mBuilding C object CMakeFiles/active_perception_interfaces__rosidl_typesupport_introspection_c.dir/rosidl_typesupport_introspection_c/active_perception_interfaces/msg/detail/heuristic_metrics__type_support.c.o[0m
[7.163s] [ 46%] [32mBuilding C object CMakeFiles/active_perception_interfaces__rosidl_typesupport_introspection_c.dir/rosidl_typesupport_introspection_c/active_perception_interfaces/srv/detail/analyze_quality__type_support.c.o[0m
[7.260s] [ 48%] [32mBuilding CXX object CMakeFiles/active_perception_interfaces__rosidl_typesupport_c.dir/rosidl_typesupport_c/active_perception_interfaces/srv/analyze_quality__type_support.cpp.o[0m
[7.263s] [ 51%] [32m[1mLinking C shared library libactive_perception_interfaces__rosidl_typesupport_introspection_c.so[0m
[7.264s] [ 53%] [32mBuilding CXX object CMakeFiles/active_perception_interfaces__rosidl_typesupport_c.dir/rosidl_typesupport_c/active_perception_interfaces/msg/heuristic_metrics__type_support.cpp.o[0m
[7.281s] [ 55%] [32mBuilding CXX object CMakeFiles/active_perception_interfaces__rosidl_typesupport_cpp.dir/rosidl_typesupport_cpp/active_perception_interfaces/msg/heuristic_metrics__type_support.cpp.o[0m
[7.328s] [ 55%] Built target active_perception_interfaces__rosidl_typesupport_introspection_c
[7.345s] [ 57%] [32mBuilding CXX object CMakeFiles/active_perception_interfaces__rosidl_typesupport_cpp.dir/rosidl_typesupport_cpp/active_perception_interfaces/srv/analyze_quality__type_support.cpp.o[0m
[7.351s] [ 60%] [32m[1mLinking CXX shared library libactive_perception_interfaces__rosidl_typesupport_c.so[0m
[7.440s] [ 60%] Built target active_perception_interfaces__rosidl_typesupport_c
[7.495s] [ 62%] [32mBuilding CXX object CMakeFiles/active_perception_interfaces__rosidl_typesupport_fastrtps_c.dir/rosidl_typesupport_fastrtps_c/active_perception_interfaces/srv/detail/analyze_quality__type_support_c.cpp.o[0m
[7.495s] [ 64%] [32mBuilding CXX object CMakeFiles/active_perception_interfaces__rosidl_typesupport_fastrtps_c.dir/rosidl_typesupport_fastrtps_c/active_perception_interfaces/msg/detail/heuristic_metrics__type_support_c.cpp.o[0m
[7.502s] [ 66%] [32mBuilding CXX object CMakeFiles/active_perception_interfaces__rosidl_typesupport_fastrtps_cpp.dir/rosidl_typesupport_fastrtps_cpp/active_perception_interfaces/msg/detail/dds_fastrtps/heuristic_metrics__type_support.cpp.o[0m
[7.504s] [ 68%] [32mBuilding CXX object CMakeFiles/active_perception_interfaces__rosidl_typesupport_fastrtps_cpp.dir/rosidl_typesupport_fastrtps_cpp/active_perception_interfaces/srv/detail/dds_fastrtps/analyze_quality__type_support.cpp.o[0m
[8.160s] [ 71%] [32m[1mLinking CXX shared library libactive_perception_interfaces__rosidl_typesupport_cpp.so[0m
[8.194s] [ 73%] [32m[1mLinking CXX shared library libactive_perception_interfaces__rosidl_typesupport_introspection_cpp.so[0m
[8.297s] [ 73%] Built target active_perception_interfaces__rosidl_typesupport_cpp
[8.354s] [ 73%] Built target active_perception_interfaces__rosidl_typesupport_introspection_cpp
[8.511s] [ 75%] [32m[1mLinking CXX shared library libactive_perception_interfaces__rosidl_typesupport_fastrtps_c.so[0m
[8.624s] [ 75%] Built target active_perception_interfaces__rosidl_typesupport_fastrtps_c
[8.688s] [ 77%] [32m[1mLinking CXX shared library libactive_perception_interfaces__rosidl_typesupport_fastrtps_cpp.so[0m
[8.803s] [ 77%] Built target active_perception_interfaces__rosidl_typesupport_fastrtps_cpp
[8.831s] [ 77%] Built target active_perception_interfaces
[8.860s] [ 80%] [34m[1mGenerating Python code for ROS interfaces[0m
[9.342s] [ 80%] Built target active_perception_interfaces__py
[9.368s] [ 84%] [32mBuilding C object CMakeFiles/active_perception_interfaces__rosidl_generator_py.dir/rosidl_generator_py/active_perception_interfaces/srv/_analyze_quality_s.c.o[0m
[9.368s] [ 84%] [32mBuilding C object CMakeFiles/active_perception_interfaces__rosidl_generator_py.dir/rosidl_generator_py/active_perception_interfaces/msg/_heuristic_metrics_s.c.o[0m
[9.609s] [ 86%] [32m[1mLinking C shared library libactive_perception_interfaces__rosidl_generator_py.so[0m
[9.674s] [ 86%] Built target active_perception_interfaces__rosidl_generator_py
[9.700s] [ 93%] [32mBuilding C object CMakeFiles/active_perception_interfaces_s__rosidl_typesupport_c.dir/rosidl_generator_py/active_perception_interfaces/_active_perception_interfaces_s.ep.rosidl_typesupport_c.c.o[0m
[9.701s] [ 93%] [32mBuilding C object CMakeFiles/active_perception_interfaces_s__rosidl_typesupport_fastrtps_c.dir/rosidl_generator_py/active_perception_interfaces/_active_perception_interfaces_s.ep.rosidl_typesupport_fastrtps_c.c.o[0m
[9.701s] [ 93%] [32mBuilding C object CMakeFiles/active_perception_interfaces_s__rosidl_typesupport_introspection_c.dir/rosidl_generator_py/active_perception_interfaces/_active_perception_interfaces_s.ep.rosidl_typesupport_introspection_c.c.o[0m
[9.831s] [ 97%] [32m[1mLinking C shared module rosidl_generator_py/active_perception_interfaces/active_perception_interfaces_s__rosidl_typesupport_c.so[0m
[9.832s] [ 97%] [32m[1mLinking C shared module rosidl_generator_py/active_perception_interfaces/active_perception_interfaces_s__rosidl_typesupport_introspection_c.so[0m
[9.836s] [100%] [32m[1mLinking C shared module rosidl_generator_py/active_perception_interfaces/active_perception_interfaces_s__rosidl_typesupport_fastrtps_c.so[0m
[9.874s] [100%] Built target active_perception_interfaces_s__rosidl_typesupport_introspection_c
[9.874s] [100%] Built target active_perception_interfaces_s__rosidl_typesupport_c
[9.879s] [100%] Built target active_perception_interfaces_s__rosidl_typesupport_fastrtps_c
[9.895s] Invoked command in '/home/bluegoose/active_perception_ws/build/active_perception_interfaces' returned '0': CMAKE_PREFIX_PATH=${CMAKE_PREFIX_PATH}:/home/bluegoose/x_perceive_ws/install/x_perceive_sim:/home/bluegoose/x_perceive_ws/install/x_perceive_reasoning:/home/bluegoose/x_perceive_ws/install/x_perceive_perception:/home/bluegoose/x_perceive_ws/install/x_perceive_bringup:/opt/ros/jazzy DEBUGINFOD_URLS=https://debuginfod.ubuntu.com /usr/bin/cmake --build /home/bluegoose/active_perception_ws/build/active_perception_interfaces -- -j8 -l8
[9.908s] Invoking command in '/home/bluegoose/active_perception_ws/build/active_perception_interfaces': CMAKE_PREFIX_PATH=${CMAKE_PREFIX_PATH}:/home/bluegoose/x_perceive_ws/install/x_perceive_sim:/home/bluegoose/x_perceive_ws/install/x_perceive_reasoning:/home/bluegoose/x_perceive_ws/install/x_perceive_perception:/home/bluegoose/x_perceive_ws/install/x_perceive_bringup:/opt/ros/jazzy DEBUGINFOD_URLS=https://debuginfod.ubuntu.com /usr/bin/cmake --install /home/bluegoose/active_perception_ws/build/active_perception_interfaces
[9.919s] -- Install configuration: ""
[9.919s] -- Installing: /home/bluegoose/active_perception_ws/install/active_perception_interfaces/share/ament_index/resource_index/rosidl_interfaces/active_perception_interfaces
[9.919s] -- Installing: /home/bluegoose/active_perception_ws/install/active_perception_interfaces/share/active_perception_interfaces/msg/HeuristicMetrics.json
[9.919s] -- Installing: /home/bluegoose/active_perception_ws/install/active_perception_interfaces/share/active_perception_interfaces/srv/AnalyzeQuality.json
[9.920s] -- Installing: /home/bluegoose/active_perception_ws/install/active_perception_interfaces/include/active_perception_interfaces/active_perception_interfaces
[9.920s] -- Installing: /home/bluegoose/active_perception_ws/install/active_perception_interfaces/include/active_perception_interfaces/active_perception_interfaces/msg
[9.920s] -- Installing: /home/bluegoose/active_perception_ws/install/active_perception_interfaces/include/active_perception_interfaces/active_perception_interfaces/msg/heuristic_metrics.h
[9.920s] -- Installing: /home/bluegoose/active_perception_ws/install/active_perception_interfaces/include/active_perception_interfaces/active_perception_interfaces/msg/rosidl_generator_c__visibility_control.h
[9.920s] -- Installing: /home/bluegoose/active_perception_ws/install/active_perception_interfaces/include/active_perception_interfaces/active_perception_interfaces/msg/detail
[9.920s] -- Installing: /home/bluegoose/active_perception_ws/install/active_perception_interfaces/include/active_perception_interfaces/active_perception_interfaces/msg/detail/heuristic_metrics__type_support.h
[9.920s] -- Installing: /home/bluegoose/active_perception_ws/install/active_perception_interfaces/include/active_perception_interfaces/active_perception_interfaces/msg/detail/heuristic_metrics__functions.h
[9.920s] -- Installing: /home/bluegoose/active_perception_ws/install/active_perception_interfaces/include/active_perception_interfaces/active_perception_interfaces/msg/detail/heuristic_metrics__struct.h
[9.921s] -- Installing: /home/bluegoose/active_perception_ws/install/active_perception_interfaces/include/active_perception_interfaces/active_perception_interfaces/msg/detail/heuristic_metrics__type_support.c
[9.921s] -- Installing: /home/bluegoose/active_perception_ws/install/active_perception_interfaces/include/active_perception_interfaces/active_perception_interfaces/msg/detail/heuristic_metrics__description.c
[9.921s] -- Installing: /home/bluegoose/active_perception_ws/install/active_perception_interfaces/include/active_perception_interfaces/active_perception_interfaces/msg/detail/heuristic_metrics__functions.c
[9.921s] -- Installing: /home/bluegoose/active_perception_ws/install/active_perception_interfaces/include/active_perception_interfaces/active_perception_interfaces/srv
[9.921s] -- Installing: /home/bluegoose/active_perception_ws/install/active_perception_interfaces/include/active_perception_interfaces/active_perception_interfaces/srv/analyze_quality.h
[9.921s] -- Installing: /home/bluegoose/active_perception_ws/install/active_perception_interfaces/include/active_perception_interfaces/active_perception_interfaces/srv/detail
[9.921s] -- Installing: /home/bluegoose/active_perception_ws/install/active_perception_interfaces/include/active_perception_interfaces/active_perception_interfaces/srv/detail/analyze_quality__type_support.h
[9.921s] -- Installing: /home/bluegoose/active_perception_ws/install/active_perception_interfaces/include/active_perception_interfaces/active_perception_interfaces/srv/detail/analyze_quality__type_support.c
[9.921s] -- Installing: /home/bluegoose/active_perception_ws/install/active_perception_interfaces/include/active_perception_interfaces/active_perception_interfaces/srv/detail/analyze_quality__description.c
[9.922s] -- Installing: /home/bluegoose/active_perception_ws/install/active_perception_interfaces/include/active_perception_interfaces/active_perception_interfaces/srv/detail/analyze_quality__functions.c
[9.922s] -- Installing: /home/bluegoose/active_perception_ws/install/active_perception_interfaces/include/active_perception_interfaces/active_perception_interfaces/srv/detail/analyze_quality__functions.h
[9.922s] -- Installing: /home/bluegoose/active_perception_ws/install/active_perception_interfaces/include/active_perception_interfaces/active_perception_interfaces/srv/detail/analyze_quality__struct.h
[9.922s] -- Installing: /home/bluegoose/active_perception_ws/install/active_perception_interfaces/share/active_perception_interfaces/environment/library_path.sh
[9.922s] -- Installing: /home/bluegoose/active_perception_ws/install/active_perception_interfaces/share/active_perception_interfaces/environment/library_path.dsv
[9.922s] -- Installing: /home/bluegoose/active_perception_ws/install/active_perception_interfaces/lib/libactive_perception_interfaces__rosidl_generator_c.so
[9.923s] -- Set non-toolchain portion of runtime path of "/home/bluegoose/active_perception_ws/install/active_perception_interfaces/lib/libactive_perception_interfaces__rosidl_generator_c.so" to ""
[9.923s] -- Up-to-date: /home/bluegoose/active_perception_ws/install/active_perception_interfaces/include/active_perception_interfaces/active_perception_interfaces
[9.923s] -- Up-to-date: /home/bluegoose/active_perception_ws/install/active_perception_interfaces/include/active_perception_interfaces/active_perception_interfaces/msg
[9.923s] -- Installing: /home/bluegoose/active_perception_ws/install/active_perception_interfaces/include/active_perception_interfaces/active_perception_interfaces/msg/rosidl_typesupport_fastrtps_c__visibility_control.h
[9.923s] -- Up-to-date: /home/bluegoose/active_perception_ws/install/active_perception_interfaces/include/active_perception_interfaces/active_perception_interfaces/msg/detail
[9.924s] -- Installing: /home/bluegoose/active_perception_ws/install/active_perception_interfaces/include/active_perception_interfaces/active_perception_interfaces/msg/detail/heuristic_metrics__rosidl_typesupport_fastrtps_c.h
[9.924s] -- Up-to-date: /home/bluegoose/active_perception_ws/install/active_perception_interfaces/include/active_perception_interfaces/active_perception_interfaces/srv
[9.924s] -- Up-to-date: /home/bluegoose/active_perception_ws/install/active_perception_interfaces/include/active_perception_interfaces/active_perception_interfaces/srv/detail
[9.924s] -- Installing: /home/bluegoose/active_perception_ws/install/active_perception_interfaces/include/active_perception_interfaces/active_perception_interfaces/srv/detail/analyze_quality__rosidl_typesupport_fastrtps_c.h
[9.924s] -- Installing: /home/bluegoose/active_perception_ws/install/active_perception_interfaces/lib/libactive_perception_interfaces__rosidl_typesupport_fastrtps_c.so
[9.924s] -- Set non-toolchain portion of runtime path of "/home/bluegoose/active_perception_ws/install/active_perception_interfaces/lib/libactive_perception_interfaces__rosidl_typesupport_fastrtps_c.so" to ""
[9.924s] -- Up-to-date: /home/bluegoose/active_perception_ws/install/active_perception_interfaces/include/active_perception_interfaces/active_perception_interfaces
[9.924s] -- Up-to-date: /home/bluegoose/active_perception_ws/install/active_perception_interfaces/include/active_perception_interfaces/active_perception_interfaces/msg
[9.924s] -- Installing: /home/bluegoose/active_perception_ws/install/active_perception_interfaces/include/active_perception_interfaces/active_perception_interfaces/msg/rosidl_typesupport_introspection_c__visibility_control.h
[9.925s] -- Up-to-date: /home/bluegoose/active_perception_ws/install/active_perception_interfaces/include/active_perception_interfaces/active_perception_interfaces/msg/detail
[9.925s] -- Up-to-date: /home/bluegoose/active_perception_ws/install/active_perception_interfaces/include/active_perception_interfaces/active_perception_interfaces/msg/detail/heuristic_metrics__type_support.c
[9.925s] -- Installing: /home/bluegoose/active_perception_ws/install/active_perception_interfaces/include/active_perception_interfaces/active_perception_interfaces/msg/detail/heuristic_metrics__rosidl_typesupport_introspection_c.h
[9.925s] -- Up-to-date: /home/bluegoose/active_perception_ws/install/active_perception_interfaces/include/active_perception_interfaces/active_perception_interfaces/srv
[9.925s] -- Up-to-date: /home/bluegoose/active_perception_ws/install/active_perception_interfaces/include/active_perception_interfaces/active_perception_interfaces/srv/detail
[9.925s] -- Installing: /home/bluegoose/active_perception_ws/install/active_perception_interfaces/include/active_perception_interfaces/active_perception_interfaces/srv/detail/analyze_quality__rosidl_typesupport_introspection_c.h
[9.925s] -- Up-to-date: /home/bluegoose/active_perception_ws/install/active_perception_interfaces/include/active_perception_interfaces/active_perception_interfaces/srv/detail/analyze_quality__type_support.c
[9.925s] -- Installing: /home/bluegoose/active_perception_ws/install/active_perception_interfaces/lib/libactive_perception_interfaces__rosidl_typesupport_introspection_c.so
[9.925s] -- Set non-toolchain portion of runtime path of "/home/bluegoose/active_perception_ws/install/active_perception_interfaces/lib/libactive_perception_interfaces__rosidl_typesupport_introspection_c.so" to ""
[9.925s] -- Installing: /home/bluegoose/active_perception_ws/install/active_perception_interfaces/lib/libactive_perception_interfaces__rosidl_typesupport_c.so
[9.926s] -- Set non-toolchain portion of runtime path of "/home/bluegoose/active_perception_ws/install/active_perception_interfaces/lib/libactive_perception_interfaces__rosidl_typesupport_c.so" to ""
[9.926s] -- Up-to-date: /home/bluegoose/active_perception_ws/install/active_perception_interfaces/include/active_perception_interfaces/active_perception_interfaces
[9.926s] -- Up-to-date: /home/bluegoose/active_perception_ws/install/active_perception_interfaces/include/active_perception_interfaces/active_perception_interfaces/msg
[9.926s] -- Installing: /home/bluegoose/active_perception_ws/install/active_perception_interfaces/include/active_perception_interfaces/active_perception_interfaces/msg/heuristic_metrics.hpp
[9.926s] -- Installing: /home/bluegoose/active_perception_ws/install/active_perception_interfaces/include/active_perception_interfaces/active_perception_interfaces/msg/rosidl_generator_cpp__visibility_control.hpp
[9.926s] -- Up-to-date: /home/bluegoose/active_perception_ws/install/active_perception_interfaces/include/active_perception_interfaces/active_perception_interfaces/msg/detail
[9.926s] -- Installing: /home/bluegoose/active_perception_ws/install/active_perception_interfaces/include/active_perception_interfaces/active_perception_interfaces/msg/detail/heuristic_metrics__traits.hpp
[9.927s] -- Installing: /home/bluegoose/active_perception_ws/install/active_perception_interfaces/include/active_perception_interfaces/active_perception_interfaces/msg/detail/heuristic_metrics__builder.hpp
[9.927s] -- Installing: /home/bluegoose/active_perception_ws/install/active_perception_interfaces/include/active_perception_interfaces/active_perception_interfaces/msg/detail/heuristic_metrics__type_support.hpp
[9.927s] -- Installing: /home/bluegoose/active_perception_ws/install/active_perception_interfaces/include/active_perception_interfaces/active_perception_interfaces/msg/detail/heuristic_metrics__struct.hpp
[9.927s] -- Up-to-date: /home/bluegoose/active_perception_ws/install/active_perception_interfaces/include/active_perception_interfaces/active_perception_interfaces/srv
[9.927s] -- Installing: /home/bluegoose/active_perception_ws/install/active_perception_interfaces/include/active_perception_interfaces/active_perception_interfaces/srv/analyze_quality.hpp
[9.927s] -- Up-to-date: /home/bluegoose/active_perception_ws/install/active_perception_interfaces/include/active_perception_interfaces/active_perception_interfaces/srv/detail
[9.927s] -- Installing: /home/bluegoose/active_perception_ws/install/active_perception_interfaces/include/active_perception_interfaces/active_perception_interfaces/srv/detail/analyze_quality__builder.hpp
[9.927s] -- Installing: /home/bluegoose/active_perception_ws/install/active_perception_interfaces/include/active_perception_interfaces/active_perception_interfaces/srv/detail/analyze_quality__struct.hpp
[9.927s] -- Installing: /home/bluegoose/active_perception_ws/install/active_perception_interfaces/include/active_perception_interfaces/active_perception_interfaces/srv/detail/analyze_quality__type_support.hpp
[9.928s] -- Installing: /home/bluegoose/active_perception_ws/install/active_perception_interfaces/include/active_perception_interfaces/active_perception_interfaces/srv/detail/analyze_quality__traits.hpp
[9.928s] -- Up-to-date: /home/bluegoose/active_perception_ws/install/active_perception_interfaces/include/active_perception_interfaces/active_perception_interfaces
[9.928s] -- Up-to-date: /home/bluegoose/active_perception_ws/install/active_perception_interfaces/include/active_perception_interfaces/active_perception_interfaces/msg
[9.928s] -- Installing: /home/bluegoose/active_perception_ws/install/active_perception_interfaces/include/active_perception_interfaces/active_perception_interfaces/msg/rosidl_typesupport_fastrtps_cpp__visibility_control.h
[9.928s] -- Up-to-date: /home/bluegoose/active_perception_ws/install/active_perception_interfaces/include/active_perception_interfaces/active_perception_interfaces/msg/detail
[9.928s] -- Installing: /home/bluegoose/active_perception_ws/install/active_perception_interfaces/include/active_perception_interfaces/active_perception_interfaces/msg/detail/heuristic_metrics__rosidl_typesupport_fastrtps_cpp.hpp
[9.928s] -- Installing: /home/bluegoose/active_perception_ws/install/active_perception_interfaces/include/active_perception_interfaces/active_perception_interfaces/msg/detail/dds_fastrtps
[9.928s] -- Up-to-date: /home/bluegoose/active_perception_ws/install/active_perception_interfaces/include/active_perception_interfaces/active_perception_interfaces/srv
[9.928s] -- Up-to-date: /home/bluegoose/active_perception_ws/install/active_perception_interfaces/include/active_perception_interfaces/active_perception_interfaces/srv/detail
[9.928s] -- Installing: /home/bluegoose/active_perception_ws/install/active_perception_interfaces/include/active_perception_interfaces/active_perception_interfaces/srv/detail/dds_fastrtps
[9.929s] -- Installing: /home/bluegoose/active_perception_ws/install/active_perception_interfaces/include/active_perception_interfaces/active_perception_interfaces/srv/detail/analyze_quality__rosidl_typesupport_fastrtps_cpp.hpp
[9.929s] -- Installing: /home/bluegoose/active_perception_ws/install/active_perception_interfaces/lib/libactive_perception_interfaces__rosidl_typesupport_fastrtps_cpp.so
[9.929s] -- Set non-toolchain portion of runtime path of "/home/bluegoose/active_perception_ws/install/active_perception_interfaces/lib/libactive_perception_interfaces__rosidl_typesupport_fastrtps_cpp.so" to ""
[9.929s] -- Up-to-date: /home/bluegoose/active_perception_ws/install/active_perception_interfaces/include/active_perception_interfaces/active_perception_interfaces
[9.929s] -- Up-to-date: /home/bluegoose/active_perception_ws/install/active_perception_interfaces/include/active_perception_interfaces/active_perception_interfaces/msg
[9.929s] -- Up-to-date: /home/bluegoose/active_perception_ws/install/active_perception_interfaces/include/active_perception_interfaces/active_perception_interfaces/msg/detail
[9.929s] -- Installing: /home/bluegoose/active_perception_ws/install/active_perception_interfaces/include/active_perception_interfaces/active_perception_interfaces/msg/detail/heuristic_metrics__type_support.cpp
[9.929s] -- Installing: /home/bluegoose/active_perception_ws/install/active_perception_interfaces/include/active_perception_interfaces/active_perception_interfaces/msg/detail/heuristic_metrics__rosidl_typesupport_introspection_cpp.hpp
[9.930s] -- Up-to-date: /home/bluegoose/active_perception_ws/install/active_perception_interfaces/include/active_perception_interfaces/active_perception_interfaces/srv
[9.930s] -- Up-to-date: /home/bluegoose/active_perception_ws/install/active_perception_interfaces/include/active_perception_interfaces/active_perception_interfaces/srv/detail
[9.930s] -- Installing: /home/bluegoose/active_perception_ws/install/active_perception_interfaces/include/active_perception_interfaces/active_perception_interfaces/srv/detail/analyze_quality__type_support.cpp
[9.930s] -- Installing: /home/bluegoose/active_perception_ws/install/active_perception_interfaces/include/active_perception_interfaces/active_perception_interfaces/srv/detail/analyze_quality__rosidl_typesupport_introspection_cpp.hpp
[9.930s] -- Installing: /home/bluegoose/active_perception_ws/install/active_perception_interfaces/lib/libactive_perception_interfaces__rosidl_typesupport_introspection_cpp.so
[9.930s] -- Set non-toolchain portion of runtime path of "/home/bluegoose/active_perception_ws/install/active_perception_interfaces/lib/libactive_perception_interfaces__rosidl_typesupport_introspection_cpp.so" to ""
[9.931s] -- Installing: /home/bluegoose/active_perception_ws/install/active_perception_interfaces/lib/libactive_perception_interfaces__rosidl_typesupport_cpp.so
[9.931s] -- Set non-toolchain portion of runtime path of "/home/bluegoose/active_perception_ws/install/active_perception_interfaces/lib/libactive_perception_interfaces__rosidl_typesupport_cpp.so" to ""
[9.931s] -- Installing: /home/bluegoose/active_perception_ws/install/active_perception_interfaces/share/active_perception_interfaces/environment/pythonpath.sh
[9.931s] -- Installing: /home/bluegoose/active_perception_ws/install/active_perception_interfaces/share/active_perception_interfaces/environment/pythonpath.dsv
[9.931s] -- Installing: /home/bluegoose/active_perception_ws/install/active_perception_interfaces/lib/python3.12/site-packages/active_perception_interfaces-0.0.0-py3.12.egg-info
[9.932s] -- Installing: /home/bluegoose/active_perception_ws/install/active_perception_interfaces/lib/python3.12/site-packages/active_perception_interfaces-0.0.0-py3.12.egg-info/top_level.txt
[9.932s] -- Installing: /home/bluegoose/active_perception_ws/install/active_perception_interfaces/lib/python3.12/site-packages/active_perception_interfaces-0.0.0-py3.12.egg-info/dependency_links.txt
[9.932s] -- Installing: /home/bluegoose/active_perception_ws/install/active_perception_interfaces/lib/python3.12/site-packages/active_perception_interfaces-0.0.0-py3.12.egg-info/SOURCES.txt
[9.932s] -- Installing: /home/bluegoose/active_perception_ws/install/active_perception_interfaces/lib/python3.12/site-packages/active_perception_interfaces-0.0.0-py3.12.egg-info/PKG-INFO
[9.932s] -- Installing: /home/bluegoose/active_perception_ws/install/active_perception_interfaces/lib/python3.12/site-packages/active_perception_interfaces
[9.932s] -- Installing: /home/bluegoose/active_perception_ws/install/active_perception_interfaces/lib/python3.12/site-packages/active_perception_interfaces/active_perception_interfaces_s__rosidl_typesupport_fastrtps_c.so
[9.932s] -- Installing: /home/bluegoose/active_perception_ws/install/active_perception_interfaces/lib/python3.12/site-packages/active_perception_interfaces/msg
[9.932s] -- Installing: /home/bluegoose/active_perception_ws/install/active_perception_interfaces/lib/python3.12/site-packages/active_perception_interfaces/msg/_heuristic_metrics.py
[9.932s] -- Installing: /home/bluegoose/active_perception_ws/install/active_perception_interfaces/lib/python3.12/site-packages/active_perception_interfaces/msg/_heuristic_metrics_s.c
[9.933s] -- Installing: /home/bluegoose/active_perception_ws/install/active_perception_interfaces/lib/python3.12/site-packages/active_perception_interfaces/msg/__init__.py
[9.933s] -- Installing: /home/bluegoose/active_perception_ws/install/active_perception_interfaces/lib/python3.12/site-packages/active_perception_interfaces/_active_perception_interfaces_s.ep.rosidl_typesupport_c.c
[9.933s] -- Installing: /home/bluegoose/active_perception_ws/install/active_perception_interfaces/lib/python3.12/site-packages/active_perception_interfaces/__init__.py
[9.933s] -- Installing: /home/bluegoose/active_perception_ws/install/active_perception_interfaces/lib/python3.12/site-packages/active_perception_interfaces/active_perception_interfaces_s__rosidl_typesupport_c.so
[9.933s] -- Installing: /home/bluegoose/active_perception_ws/install/active_perception_interfaces/lib/python3.12/site-packages/active_perception_interfaces/srv
[9.933s] -- Installing: /home/bluegoose/active_perception_ws/install/active_perception_interfaces/lib/python3.12/site-packages/active_perception_interfaces/srv/_analyze_quality.py
[9.933s] -- Installing: /home/bluegoose/active_perception_ws/install/active_perception_interfaces/lib/python3.12/site-packages/active_perception_interfaces/srv/__init__.py
[9.934s] -- Installing: /home/bluegoose/active_perception_ws/install/active_perception_interfaces/lib/python3.12/site-packages/active_perception_interfaces/srv/_analyze_quality_s.c
[9.934s] -- Installing: /home/bluegoose/active_perception_ws/install/active_perception_interfaces/lib/python3.12/site-packages/active_perception_interfaces/active_perception_interfaces_s__rosidl_typesupport_introspection_c.so
[9.934s] -- Installing: /home/bluegoose/active_perception_ws/install/active_perception_interfaces/lib/python3.12/site-packages/active_perception_interfaces/_active_perception_interfaces_s.ep.rosidl_typesupport_introspection_c.c
[9.934s] -- Installing: /home/bluegoose/active_perception_ws/install/active_perception_interfaces/lib/python3.12/site-packages/active_perception_interfaces/_active_perception_interfaces_s.ep.rosidl_typesupport_fastrtps_c.c
[9.987s] Listing '/home/bluegoose/active_perception_ws/install/active_perception_interfaces/lib/python3.12/site-packages/active_perception_interfaces'...
[9.987s] Compiling '/home/bluegoose/active_perception_ws/install/active_perception_interfaces/lib/python3.12/site-packages/active_perception_interfaces/__init__.py'...
[9.987s] Listing '/home/bluegoose/active_perception_ws/install/active_perception_interfaces/lib/python3.12/site-packages/active_perception_interfaces/msg'...
[9.987s] Compiling '/home/bluegoose/active_perception_ws/install/active_perception_interfaces/lib/python3.12/site-packages/active_perception_interfaces/msg/__init__.py'...
[9.987s] Compiling '/home/bluegoose/active_perception_ws/install/active_perception_interfaces/lib/python3.12/site-packages/active_perception_interfaces/msg/_heuristic_metrics.py'...
[9.987s] Listing '/home/bluegoose/active_perception_ws/install/active_perception_interfaces/lib/python3.12/site-packages/active_perception_interfaces/srv'...
[9.987s] Compiling '/home/bluegoose/active_perception_ws/install/active_perception_interfaces/lib/python3.12/site-packages/active_perception_interfaces/srv/__init__.py'...
[9.987s] Compiling '/home/bluegoose/active_perception_ws/install/active_perception_interfaces/lib/python3.12/site-packages/active_perception_interfaces/srv/_analyze_quality.py'...
[9.994s] -- Installing: /home/bluegoose/active_perception_ws/install/active_perception_interfaces/lib/python3.12/site-packages/active_perception_interfaces/active_perception_interfaces_s__rosidl_typesupport_fastrtps_c.so
[9.994s] -- Set non-toolchain portion of runtime path of "/home/bluegoose/active_perception_ws/install/active_perception_interfaces/lib/python3.12/site-packages/active_perception_interfaces/active_perception_interfaces_s__rosidl_typesupport_fastrtps_c.so" to ""
[9.994s] -- Installing: /home/bluegoose/active_perception_ws/install/active_perception_interfaces/lib/python3.12/site-packages/active_perception_interfaces/active_perception_interfaces_s__rosidl_typesupport_introspection_c.so
[9.995s] -- Set non-toolchain portion of runtime path of "/home/bluegoose/active_perception_ws/install/active_perception_interfaces/lib/python3.12/site-packages/active_perception_interfaces/active_perception_interfaces_s__rosidl_typesupport_introspection_c.so" to ""
[9.995s] -- Installing: /home/bluegoose/active_perception_ws/install/active_perception_interfaces/lib/python3.12/site-packages/active_perception_interfaces/active_perception_interfaces_s__rosidl_typesupport_c.so
[9.995s] -- Set non-toolchain portion of runtime path of "/home/bluegoose/active_perception_ws/install/active_perception_interfaces/lib/python3.12/site-packages/active_perception_interfaces/active_perception_interfaces_s__rosidl_typesupport_c.so" to ""
[9.996s] -- Installing: /home/bluegoose/active_perception_ws/install/active_perception_interfaces/lib/libactive_perception_interfaces__rosidl_generator_py.so
[9.996s] -- Set non-toolchain portion of runtime path of "/home/bluegoose/active_perception_ws/install/active_perception_interfaces/lib/libactive_perception_interfaces__rosidl_generator_py.so" to ""
[9.996s] -- Installing: /home/bluegoose/active_perception_ws/install/active_perception_interfaces/share/active_perception_interfaces/rust
[9.996s] -- Installing: /home/bluegoose/active_perception_ws/install/active_perception_interfaces/share/active_perception_interfaces/rust/build.rs
[9.996s] -- Installing: /home/bluegoose/active_perception_ws/install/active_perception_interfaces/share/active_perception_interfaces/rust/Cargo.toml
[9.997s] -- Installing: /home/bluegoose/active_perception_ws/install/active_perception_interfaces/share/active_perception_interfaces/rust/src
[9.997s] -- Installing: /home/bluegoose/active_perception_ws/install/active_perception_interfaces/share/active_perception_interfaces/rust/src/lib.rs
[9.997s] -- Installing: /home/bluegoose/active_perception_ws/install/active_perception_interfaces/share/active_perception_interfaces/rust/src/msg
[9.997s] -- Installing: /home/bluegoose/active_perception_ws/install/active_perception_interfaces/share/active_perception_interfaces/rust/src/msg/rmw.rs
[9.997s] -- Installing: /home/bluegoose/active_perception_ws/install/active_perception_interfaces/share/active_perception_interfaces/rust/src/msg.rs
[9.997s] -- Installing: /home/bluegoose/active_perception_ws/install/active_perception_interfaces/share/active_perception_interfaces/rust/src/srv
[9.997s] -- Installing: /home/bluegoose/active_perception_ws/install/active_perception_interfaces/share/active_perception_interfaces/rust/src/srv/rmw.rs
[9.997s] -- Installing: /home/bluegoose/active_perception_ws/install/active_perception_interfaces/share/active_perception_interfaces/rust/src/srv.rs
[9.997s] -- Installing: /home/bluegoose/active_perception_ws/install/active_perception_interfaces/share/active_perception_interfaces/msg/HeuristicMetrics.idl
[9.998s] -- Installing: /home/bluegoose/active_perception_ws/install/active_perception_interfaces/share/active_perception_interfaces/srv/AnalyzeQuality.idl
[9.998s] -- Installing: /home/bluegoose/active_perception_ws/install/active_perception_interfaces/share/active_perception_interfaces/msg/HeuristicMetrics.msg
[9.998s] -- Installing: /home/bluegoose/active_perception_ws/install/active_perception_interfaces/share/active_perception_interfaces/srv/AnalyzeQuality.srv
[9.998s] -- Installing: /home/bluegoose/active_perception_ws/install/active_perception_interfaces/share/ament_index/resource_index/package_run_dependencies/active_perception_interfaces
[9.998s] -- Installing: /home/bluegoose/active_perception_ws/install/active_perception_interfaces/share/ament_index/resource_index/parent_prefix_path/active_perception_interfaces
[9.998s] -- Installing: /home/bluegoose/active_perception_ws/install/active_perception_interfaces/share/active_perception_interfaces/environment/ament_prefix_path.sh
[9.999s] -- Installing: /home/bluegoose/active_perception_ws/install/active_perception_interfaces/share/active_perception_interfaces/environment/ament_prefix_path.dsv
[9.999s] -- Installing: /home/bluegoose/active_perception_ws/install/active_perception_interfaces/share/active_perception_interfaces/environment/path.sh
[9.999s] -- Installing: /home/bluegoose/active_perception_ws/install/active_perception_interfaces/share/active_perception_interfaces/environment/path.dsv
[9.999s] -- Installing: /home/bluegoose/active_perception_ws/install/active_perception_interfaces/share/active_perception_interfaces/local_setup.bash
[9.999s] -- Installing: /home/bluegoose/active_perception_ws/install/active_perception_interfaces/share/active_perception_interfaces/local_setup.sh
[9.999s] -- Installing: /home/bluegoose/active_perception_ws/install/active_perception_interfaces/share/active_perception_interfaces/local_setup.zsh
[9.999s] -- Installing: /home/bluegoose/active_perception_ws/install/active_perception_interfaces/share/active_perception_interfaces/local_setup.dsv
[10.000s] -- Installing: /home/bluegoose/active_perception_ws/install/active_perception_interfaces/share/active_perception_interfaces/package.dsv
[10.000s] -- Installing: /home/bluegoose/active_perception_ws/install/active_perception_interfaces/share/ament_index/resource_index/packages/active_perception_interfaces
[10.000s] -- Installing: /home/bluegoose/active_perception_ws/install/active_perception_interfaces/share/active_perception_interfaces/cmake/export_active_perception_interfaces__rosidl_generator_cExport.cmake
[10.000s] -- Installing: /home/bluegoose/active_perception_ws/install/active_perception_interfaces/share/active_perception_interfaces/cmake/export_active_perception_interfaces__rosidl_generator_cExport-noconfig.cmake
[10.000s] -- Installing: /home/bluegoose/active_perception_ws/install/active_perception_interfaces/share/active_perception_interfaces/cmake/export_active_perception_interfaces__rosidl_typesupport_fastrtps_cExport.cmake
[10.000s] -- Installing: /home/bluegoose/active_perception_ws/install/active_perception_interfaces/share/active_perception_interfaces/cmake/export_active_perception_interfaces__rosidl_typesupport_fastrtps_cExport-noconfig.cmake
[10.000s] -- Installing: /home/bluegoose/active_perception_ws/install/active_perception_interfaces/share/active_perception_interfaces/cmake/active_perception_interfaces__rosidl_typesupport_introspection_cExport.cmake
[10.001s] -- Installing: /home/bluegoose/active_perception_ws/install/active_perception_interfaces/share/active_perception_interfaces/cmake/active_perception_interfaces__rosidl_typesupport_introspection_cExport-noconfig.cmake
[10.001s] -- Installing: /home/bluegoose/active_perception_ws/install/active_perception_interfaces/share/active_perception_interfaces/cmake/active_perception_interfaces__rosidl_typesupport_cExport.cmake
[10.001s] -- Installing: /home/bluegoose/active_perception_ws/install/active_perception_interfaces/share/active_perception_interfaces/cmake/active_perception_interfaces__rosidl_typesupport_cExport-noconfig.cmake
[10.001s] -- Installing: /home/bluegoose/active_perception_ws/install/active_perception_interfaces/share/active_perception_interfaces/cmake/export_active_perception_interfaces__rosidl_generator_cppExport.cmake
[10.001s] -- Installing: /home/bluegoose/active_perception_ws/install/active_perception_interfaces/share/active_perception_interfaces/cmake/export_active_perception_interfaces__rosidl_typesupport_fastrtps_cppExport.cmake
[10.001s] -- Installing: /home/bluegoose/active_perception_ws/install/active_perception_interfaces/share/active_perception_interfaces/cmake/export_active_perception_interfaces__rosidl_typesupport_fastrtps_cppExport-noconfig.cmake
[10.002s] -- Installing: /home/bluegoose/active_perception_ws/install/active_perception_interfaces/share/active_perception_interfaces/cmake/active_perception_interfaces__rosidl_typesupport_introspection_cppExport.cmake
[10.002s] -- Installing: /home/bluegoose/active_perception_ws/install/active_perception_interfaces/share/active_perception_interfaces/cmake/active_perception_interfaces__rosidl_typesupport_introspection_cppExport-noconfig.cmake
[10.002s] -- Installing: /home/bluegoose/active_perception_ws/install/active_perception_interfaces/share/active_perception_interfaces/cmake/active_perception_interfaces__rosidl_typesupport_cppExport.cmake
[10.002s] -- Installing: /home/bluegoose/active_perception_ws/install/active_perception_interfaces/share/active_perception_interfaces/cmake/active_perception_interfaces__rosidl_typesupport_cppExport-noconfig.cmake
[10.002s] -- Installing: /home/bluegoose/active_perception_ws/install/active_perception_interfaces/share/active_perception_interfaces/cmake/export_active_perception_interfaces__rosidl_generator_pyExport.cmake
[10.003s] -- Installing: /home/bluegoose/active_perception_ws/install/active_perception_interfaces/share/active_perception_interfaces/cmake/export_active_perception_interfaces__rosidl_generator_pyExport-noconfig.cmake
[10.003s] -- Installing: /home/bluegoose/active_perception_ws/install/active_perception_interfaces/share/active_perception_interfaces/cmake/rosidl_cmake-extras.cmake
[10.003s] -- Installing: /home/bluegoose/active_perception_ws/install/active_perception_interfaces/share/active_perception_interfaces/cmake/ament_cmake_export_dependencies-extras.cmake
[10.003s] -- Installing: /home/bluegoose/active_perception_ws/install/active_perception_interfaces/share/active_perception_interfaces/cmake/ament_cmake_export_include_directories-extras.cmake
[10.003s] -- Installing: /home/bluegoose/active_perception_ws/install/active_perception_interfaces/share/active_perception_interfaces/cmake/ament_cmake_export_libraries-extras.cmake
[10.003s] -- Installing: /home/bluegoose/active_perception_ws/install/active_perception_interfaces/share/active_perception_interfaces/cmake/ament_cmake_export_targets-extras.cmake
[10.003s] -- Installing: /home/bluegoose/active_perception_ws/install/active_perception_interfaces/share/active_perception_interfaces/cmake/rosidl_cmake_export_typesupport_targets-extras.cmake
[10.004s] -- Installing: /home/bluegoose/active_perception_ws/install/active_perception_interfaces/share/active_perception_interfaces/cmake/rosidl_cmake_export_typesupport_libraries-extras.cmake
[10.004s] -- Installing: /home/bluegoose/active_perception_ws/install/active_perception_interfaces/share/active_perception_interfaces/cmake/rosidl_cmake_aggregate_target-extras.cmake
[10.004s] -- Installing: /home/bluegoose/active_perception_ws/install/active_perception_interfaces/share/active_perception_interfaces/cmake/active_perception_interfacesConfig.cmake
[10.004s] -- Installing: /home/bluegoose/active_perception_ws/install/active_perception_interfaces/share/active_perception_interfaces/cmake/active_perception_interfacesConfig-version.cmake
[10.004s] -- Installing: /home/bluegoose/active_perception_ws/install/active_perception_interfaces/share/active_perception_interfaces/package.xml
[10.007s] Invoked command in '/home/bluegoose/active_perception_ws/build/active_perception_interfaces' returned '0': CMAKE_PREFIX_PATH=${CMAKE_PREFIX_PATH}:/home/bluegoose/x_perceive_ws/install/x_perceive_sim:/home/bluegoose/x_perceive_ws/install/x_perceive_reasoning:/home/bluegoose/x_perceive_ws/install/x_perceive_perception:/home/bluegoose/x_perceive_ws/install/x_perceive_bringup:/opt/ros/jazzy DEBUGINFOD_URLS=https://debuginfod.ubuntu.com /usr/bin/cmake --install /home/bluegoose/active_perception_ws/build/active_perception_interfaces
