[0.952s] Invoking command in '/home/bluegoose/active_perception_ws/src/active_perception': AMENT_PREFIX_PATH=/home/bluegoose/active_perception_ws/install/active_perception_interfaces:${AMENT_PREFIX_PATH} CMAKE_PREFIX_PATH=/home/bluegoose/active_perception_ws/install/active_perception_interfaces:${CMAKE_PREFIX_PATH} DEBUGINFOD_URLS=https://debuginfod.ubuntu.com LD_LIBRARY_PATH=/home/bluegoose/active_perception_ws/install/active_perception_interfaces/lib:${LD_LIBRARY_PATH} PYTHONPATH=/home/bluegoose/active_perception_ws/build/active_perception/prefix_override:/usr/lib/python3/dist-packages/colcon_core/task/python/colcon_distutils_commands:/home/bluegoose/active_perception_ws/install/active_perception/lib/python3.12/site-packages:/home/bluegoose/active_perception_ws/install/active_perception_interfaces/lib/python3.12/site-packages:${PYTHONPATH} /usr/bin/python3 -W ignore:setup.py install is deprecated -W ignore:easy_install command is deprecated setup.py egg_info --egg-base ../../build/active_perception build --build-base /home/bluegoose/active_perception_ws/build/active_perception/build install --record /home/bluegoose/active_perception_ws/build/active_perception/install.log --install-scripts $base/lib/active_perception --single-version-externally-managed install_data
[1.315s] running egg_info
[1.342s] writing ../../build/active_perception/active_perception.egg-info/PKG-INFO
[1.342s] writing dependency_links to ../../build/active_perception/active_perception.egg-info/dependency_links.txt
[1.342s] writing entry points to ../../build/active_perception/active_perception.egg-info/entry_points.txt
[1.343s] writing requirements to ../../build/active_perception/active_perception.egg-info/requires.txt
[1.343s] writing top-level names to ../../build/active_perception/active_perception.egg-info/top_level.txt
[1.397s] reading manifest file '../../build/active_perception/active_perception.egg-info/SOURCES.txt'
[1.398s] writing manifest file '../../build/active_perception/active_perception.egg-info/SOURCES.txt'
[1.398s] running build
[1.398s] running build_py
[1.398s] copying active_perception/mock_detector_node.py -> /home/bluegoose/active_perception_ws/build/active_perception/build/lib/active_perception
[1.399s] copying active_perception/__init__.py -> /home/bluegoose/active_perception_ws/build/active_perception/build/lib/active_perception
[1.399s] copying active_perception/mock_camera_node.py -> /home/bluegoose/active_perception_ws/build/active_perception/build/lib/active_perception
[1.399s] running install
[1.405s] running install_lib
[1.433s] running install_data
[1.433s] copying resource/active_perception -> /home/bluegoose/active_perception_ws/install/active_perception/share/ament_index/resource_index/packages
[1.433s] copying package.xml -> /home/bluegoose/active_perception_ws/install/active_perception/share/active_perception
[1.434s] running install_egg_info
[1.463s] removing '/home/bluegoose/active_perception_ws/install/active_perception/lib/python3.12/site-packages/active_perception-0.0.0-py3.12.egg-info' (and everything under it)
[1.463s] Copying ../../build/active_perception/active_perception.egg-info to /home/bluegoose/active_perception_ws/install/active_perception/lib/python3.12/site-packages/active_perception-0.0.0-py3.12.egg-info
[1.464s] running install_scripts
[1.624s] Installing mock_camera script to /home/bluegoose/active_perception_ws/install/active_perception/lib/active_perception
[1.624s] Installing mock_detector script to /home/bluegoose/active_perception_ws/install/active_perception/lib/active_perception
[1.625s] writing list of installed files to '/home/bluegoose/active_perception_ws/build/active_perception/install.log'
[1.659s] Invoked command in '/home/bluegoose/active_perception_ws/src/active_perception' returned '0': AMENT_PREFIX_PATH=/home/bluegoose/active_perception_ws/install/active_perception_interfaces:${AMENT_PREFIX_PATH} CMAKE_PREFIX_PATH=/home/bluegoose/active_perception_ws/install/active_perception_interfaces:${CMAKE_PREFIX_PATH} DEBUGINFOD_URLS=https://debuginfod.ubuntu.com LD_LIBRARY_PATH=/home/bluegoose/active_perception_ws/install/active_perception_interfaces/lib:${LD_LIBRARY_PATH} PYTHONPATH=/home/bluegoose/active_perception_ws/build/active_perception/prefix_override:/usr/lib/python3/dist-packages/colcon_core/task/python/colcon_distutils_commands:/home/bluegoose/active_perception_ws/install/active_perception/lib/python3.12/site-packages:/home/bluegoose/active_perception_ws/install/active_perception_interfaces/lib/python3.12/site-packages:${PYTHONPATH} /usr/bin/python3 -W ignore:setup.py install is deprecated -W ignore:easy_install command is deprecated setup.py egg_info --egg-base ../../build/active_perception build --build-base /home/bluegoose/active_perception_ws/build/active_perception/build install --record /home/bluegoose/active_perception_ws/build/active_perception/install.log --install-scripts $base/lib/active_perception --single-version-externally-managed install_data
