running egg_info
creating ../../build/active_perception/active_perception.egg-info
writing ../../build/active_perception/active_perception.egg-info/PKG-INFO
writing dependency_links to ../../build/active_perception/active_perception.egg-info/dependency_links.txt
writing entry points to ../../build/active_perception/active_perception.egg-info/entry_points.txt
writing requirements to ../../build/active_perception/active_perception.egg-info/requires.txt
writing top-level names to ../../build/active_perception/active_perception.egg-info/top_level.txt
writing manifest file '../../build/active_perception/active_perception.egg-info/SOURCES.txt'
reading manifest file '../../build/active_perception/active_perception.egg-info/SOURCES.txt'
writing manifest file '../../build/active_perception/active_perception.egg-info/SOURCES.txt'
running build
running build_py
creating /home/bluegoose/active_perception_ws/build/active_perception/build/lib/active_perception
copying active_perception/mock_detector_node.py -> /home/bluegoose/active_perception_ws/build/active_perception/build/lib/active_perception
copying active_perception/__init__.py -> /home/bluegoose/active_perception_ws/build/active_perception/build/lib/active_perception
copying active_perception/mock_camera_node.py -> /home/bluegoose/active_perception_ws/build/active_perception/build/lib/active_perception
running install
running install_lib
creating /home/bluegoose/active_perception_ws/install/active_perception/lib/python3.12/site-packages/active_perception
copying /home/bluegoose/active_perception_ws/build/active_perception/build/lib/active_perception/mock_detector_node.py -> /home/bluegoose/active_perception_ws/install/active_perception/lib/python3.12/site-packages/active_perception
copying /home/bluegoose/active_perception_ws/build/active_perception/build/lib/active_perception/__init__.py -> /home/bluegoose/active_perception_ws/install/active_perception/lib/python3.12/site-packages/active_perception
copying /home/bluegoose/active_perception_ws/build/active_perception/build/lib/active_perception/mock_camera_node.py -> /home/bluegoose/active_perception_ws/install/active_perception/lib/python3.12/site-packages/active_perception
byte-compiling /home/bluegoose/active_perception_ws/install/active_perception/lib/python3.12/site-packages/active_perception/mock_detector_node.py to mock_detector_node.cpython-312.pyc
byte-compiling /home/bluegoose/active_perception_ws/install/active_perception/lib/python3.12/site-packages/active_perception/__init__.py to __init__.cpython-312.pyc
byte-compiling /home/bluegoose/active_perception_ws/install/active_perception/lib/python3.12/site-packages/active_perception/mock_camera_node.py to mock_camera_node.cpython-312.pyc
running install_data
creating /home/bluegoose/active_perception_ws/install/active_perception/share/ament_index/resource_index/packages
copying resource/active_perception -> /home/bluegoose/active_perception_ws/install/active_perception/share/ament_index/resource_index/packages
copying package.xml -> /home/bluegoose/active_perception_ws/install/active_perception/share/active_perception
running install_egg_info
Copying ../../build/active_perception/active_perception.egg-info to /home/bluegoose/active_perception_ws/install/active_perception/lib/python3.12/site-packages/active_perception-0.0.0-py3.12.egg-info
running install_scripts
Installing mock_camera script to /home/bluegoose/active_perception_ws/install/active_perception/lib/active_perception
Installing mock_detector script to /home/bluegoose/active_perception_ws/install/active_perception/lib/active_perception
writing list of installed files to '/home/bluegoose/active_perception_ws/build/active_perception/install.log'
