[1.211s] Invoking command in '/home/bluegoose/active_perception_ws/src/active_perception': AMENT_PREFIX_PATH=/home/bluegoose/active_perception_ws/install/active_perception_interfaces:${AMENT_PREFIX_PATH} CMAKE_PREFIX_PATH=/home/bluegoose/active_perception_ws/install/active_perception_interfaces:${CMAKE_PREFIX_PATH} DEBUGINFOD_URLS=https://debuginfod.ubuntu.com LD_LIBRARY_PATH=/home/bluegoose/active_perception_ws/install/active_perception_interfaces/lib:${LD_LIBRARY_PATH} PYTHONPATH=/home/bluegoose/active_perception_ws/build/active_perception/prefix_override:/usr/lib/python3/dist-packages/colcon_core/task/python/colcon_distutils_commands:/home/bluegoose/active_perception_ws/install/active_perception/lib/python3.12/site-packages:/home/bluegoose/active_perception_ws/install/active_perception_interfaces/lib/python3.12/site-packages:${PYTHONPATH} /usr/bin/python3 -W ignore:setup.py install is deprecated -W ignore:easy_install command is deprecated setup.py egg_info --egg-base ../../build/active_perception build --build-base /home/bluegoose/active_perception_ws/build/active_perception/build install --record /home/bluegoose/active_perception_ws/build/active_perception/install.log --install-scripts $base/lib/active_perception --single-version-externally-managed install_data
[1.618s] running egg_info
[1.644s] creating ../../build/active_perception/active_perception.egg-info
[1.644s] writing ../../build/active_perception/active_perception.egg-info/PKG-INFO
[1.645s] writing dependency_links to ../../build/active_perception/active_perception.egg-info/dependency_links.txt
[1.645s] writing entry points to ../../build/active_perception/active_perception.egg-info/entry_points.txt
[1.645s] writing requirements to ../../build/active_perception/active_perception.egg-info/requires.txt
[1.646s] writing top-level names to ../../build/active_perception/active_perception.egg-info/top_level.txt
[1.646s] writing manifest file '../../build/active_perception/active_perception.egg-info/SOURCES.txt'
[1.700s] reading manifest file '../../build/active_perception/active_perception.egg-info/SOURCES.txt'
[1.701s] writing manifest file '../../build/active_perception/active_perception.egg-info/SOURCES.txt'
[1.701s] running build
[1.701s] running build_py
[1.701s] creating /home/bluegoose/active_perception_ws/build/active_perception/build/lib/active_perception
[1.702s] copying active_perception/mock_detector_node.py -> /home/bluegoose/active_perception_ws/build/active_perception/build/lib/active_perception
[1.705s] copying active_perception/__init__.py -> /home/bluegoose/active_perception_ws/build/active_perception/build/lib/active_perception
[1.705s] copying active_perception/mock_camera_node.py -> /home/bluegoose/active_perception_ws/build/active_perception/build/lib/active_perception
[1.705s] running install
[1.711s] running install_lib
[1.738s] creating /home/bluegoose/active_perception_ws/install/active_perception/lib/python3.12/site-packages/active_perception
[1.738s] copying /home/bluegoose/active_perception_ws/build/active_perception/build/lib/active_perception/mock_detector_node.py -> /home/bluegoose/active_perception_ws/install/active_perception/lib/python3.12/site-packages/active_perception
[1.738s] copying /home/bluegoose/active_perception_ws/build/active_perception/build/lib/active_perception/__init__.py -> /home/bluegoose/active_perception_ws/install/active_perception/lib/python3.12/site-packages/active_perception
[1.739s] copying /home/bluegoose/active_perception_ws/build/active_perception/build/lib/active_perception/mock_camera_node.py -> /home/bluegoose/active_perception_ws/install/active_perception/lib/python3.12/site-packages/active_perception
[1.739s] byte-compiling /home/bluegoose/active_perception_ws/install/active_perception/lib/python3.12/site-packages/active_perception/mock_detector_node.py to mock_detector_node.cpython-312.pyc
[1.740s] byte-compiling /home/bluegoose/active_perception_ws/install/active_perception/lib/python3.12/site-packages/active_perception/__init__.py to __init__.cpython-312.pyc
[1.740s] byte-compiling /home/bluegoose/active_perception_ws/install/active_perception/lib/python3.12/site-packages/active_perception/mock_camera_node.py to mock_camera_node.cpython-312.pyc
[1.742s] running install_data
[1.742s] creating /home/bluegoose/active_perception_ws/install/active_perception/share/ament_index/resource_index/packages
[1.742s] copying resource/active_perception -> /home/bluegoose/active_perception_ws/install/active_perception/share/ament_index/resource_index/packages
[1.742s] copying package.xml -> /home/bluegoose/active_perception_ws/install/active_perception/share/active_perception
[1.742s] running install_egg_info
[1.769s] Copying ../../build/active_perception/active_perception.egg-info to /home/bluegoose/active_perception_ws/install/active_perception/lib/python3.12/site-packages/active_perception-0.0.0-py3.12.egg-info
[1.770s] running install_scripts
[1.923s] Installing mock_camera script to /home/bluegoose/active_perception_ws/install/active_perception/lib/active_perception
[1.924s] Installing mock_detector script to /home/bluegoose/active_perception_ws/install/active_perception/lib/active_perception
[1.924s] writing list of installed files to '/home/bluegoose/active_perception_ws/build/active_perception/install.log'
[1.958s] Invoked command in '/home/bluegoose/active_perception_ws/src/active_perception' returned '0': AMENT_PREFIX_PATH=/home/bluegoose/active_perception_ws/install/active_perception_interfaces:${AMENT_PREFIX_PATH} CMAKE_PREFIX_PATH=/home/bluegoose/active_perception_ws/install/active_perception_interfaces:${CMAKE_PREFIX_PATH} DEBUGINFOD_URLS=https://debuginfod.ubuntu.com LD_LIBRARY_PATH=/home/bluegoose/active_perception_ws/install/active_perception_interfaces/lib:${LD_LIBRARY_PATH} PYTHONPATH=/home/bluegoose/active_perception_ws/build/active_perception/prefix_override:/usr/lib/python3/dist-packages/colcon_core/task/python/colcon_distutils_commands:/home/bluegoose/active_perception_ws/install/active_perception/lib/python3.12/site-packages:/home/bluegoose/active_perception_ws/install/active_perception_interfaces/lib/python3.12/site-packages:${PYTHONPATH} /usr/bin/python3 -W ignore:setup.py install is deprecated -W ignore:easy_install command is deprecated setup.py egg_info --egg-base ../../build/active_perception build --build-base /home/bluegoose/active_perception_ws/build/active_perception/build install --record /home/bluegoose/active_perception_ws/build/active_perception/install.log --install-scripts $base/lib/active_perception --single-version-externally-managed install_data
