running egg_info
writing ../../build/active_perception/active_perception.egg-info/PKG-INFO
writing dependency_links to ../../build/active_perception/active_perception.egg-info/dependency_links.txt
writing entry points to ../../build/active_perception/active_perception.egg-info/entry_points.txt
writing requirements to ../../build/active_perception/active_perception.egg-info/requires.txt
writing top-level names to ../../build/active_perception/active_perception.egg-info/top_level.txt
reading manifest file '../../build/active_perception/active_perception.egg-info/SOURCES.txt'
writing manifest file '../../build/active_perception/active_perception.egg-info/SOURCES.txt'
running build
running build_py
copying active_perception/vlm_bridge_node.py -> /home/bluegoose/active_perception_ws/build/active_perception/build/lib/active_perception
copying active_perception/coordinator_node.py -> /home/bluegoose/active_perception_ws/build/active_perception/build/lib/active_perception
copying active_perception/__init__.py -> /home/bluegoose/active_perception_ws/build/active_perception/build/lib/active_perception
copying active_perception/interactive_trigger.py -> /home/bluegoose/active_perception_ws/build/active_perception/build/lib/active_perception
copying active_perception/heuristic_scorer.py -> /home/bluegoose/active_perception_ws/build/active_perception/build/lib/active_perception
copying active_perception/yolo_detector_node.py -> /home/bluegoose/active_perception_ws/build/active_perception/build/lib/active_perception
copying active_perception/live_camera_node.py -> /home/bluegoose/active_perception_ws/build/active_perception/build/lib/active_perception
running install
running install_lib
copying /home/bluegoose/active_perception_ws/build/active_perception/build/lib/active_perception/coordinator_node.py -> /home/bluegoose/active_perception_ws/install/active_perception/lib/python3.12/site-packages/active_perception
copying /home/bluegoose/active_perception_ws/build/active_perception/build/lib/active_perception/heuristic_scorer.py -> /home/bluegoose/active_perception_ws/install/active_perception/lib/python3.12/site-packages/active_perception
copying /home/bluegoose/active_perception_ws/build/active_perception/build/lib/active_perception/yolo_detector_node.py -> /home/bluegoose/active_perception_ws/install/active_perception/lib/python3.12/site-packages/active_perception
byte-compiling /home/bluegoose/active_perception_ws/install/active_perception/lib/python3.12/site-packages/active_perception/coordinator_node.py to coordinator_node.cpython-312.pyc
byte-compiling /home/bluegoose/active_perception_ws/install/active_perception/lib/python3.12/site-packages/active_perception/heuristic_scorer.py to heuristic_scorer.cpython-312.pyc
byte-compiling /home/bluegoose/active_perception_ws/install/active_perception/lib/python3.12/site-packages/active_perception/yolo_detector_node.py to yolo_detector_node.cpython-312.pyc
running install_data
copying resource/active_perception -> /home/bluegoose/active_perception_ws/install/active_perception/share/ament_index/resource_index/packages
copying package.xml -> /home/bluegoose/active_perception_ws/install/active_perception/share/active_perception
running install_egg_info
removing '/home/bluegoose/active_perception_ws/install/active_perception/lib/python3.12/site-packages/active_perception-0.0.0-py3.12.egg-info' (and everything under it)
Copying ../../build/active_perception/active_perception.egg-info to /home/bluegoose/active_perception_ws/install/active_perception/lib/python3.12/site-packages/active_perception-0.0.0-py3.12.egg-info
running install_scripts
Installing coordinator script to /home/bluegoose/active_perception_ws/install/active_perception/lib/active_perception
Installing heuristic_scorer script to /home/bluegoose/active_perception_ws/install/active_perception/lib/active_perception
Installing interactive_trigger script to /home/bluegoose/active_perception_ws/install/active_perception/lib/active_perception
Installing live_camera script to /home/bluegoose/active_perception_ws/install/active_perception/lib/active_perception
Installing vlm_bridge script to /home/bluegoose/active_perception_ws/install/active_perception/lib/active_perception
Installing yolo_detector script to /home/bluegoose/active_perception_ws/install/active_perception/lib/active_perception
writing list of installed files to '/home/bluegoose/active_perception_ws/build/active_perception/install.log'
