[1.685s] Invoking command in '/home/bluegoose/active_perception_ws/src/active_perception': DEBUGINFOD_URLS=https://debuginfod.ubuntu.com PYTHONPATH=/home/bluegoose/active_perception_ws/build/active_perception/prefix_override:/usr/lib/python3/dist-packages/colcon_core/task/python/colcon_distutils_commands:/home/bluegoose/active_perception_ws/install/active_perception/lib/python3.12/site-packages:/home/bluegoose/active_perception_ws/install/active_perception_interfaces/lib/python3.12/site-packages:/home/bluegoose/active_perception_ws/install/active_perception/lib/python3.12/site-packages:/home/bluegoose/x_perceive_ws/install/x_perceive_sim/lib/python3.12/site-packages:/home/bluegoose/x_perceive_ws/build/x_perceive_reasoning:/home/bluegoose/x_perceive_ws/install/x_perceive_reasoning/lib/python3.12/site-packages:/home/bluegoose/x_perceive_ws/build/x_perceive_perception:/home/bluegoose/x_perceive_ws/install/x_perceive_perception/lib/python3.12/site-packages:/home/bluegoose/x_perceive_ws/install/x_perceive_msgs/lib/python3.12/site-packages:/home/bluegoose/x_perceive_ws/build/x_perceive_bringup:/home/bluegoose/x_perceive_ws/install/x_perceive_bringup/lib/python3.12/site-packages:/opt/ros/jazzy/opt/gz_sim_vendor/lib/python:/opt/ros/jazzy/opt/sdformat_vendor/lib/python:/opt/ros/jazzy/opt/gz_transport_vendor/lib/python:/opt/ros/jazzy/opt/gz_msgs_vendor/lib/python:/opt/ros/jazzy/opt/gz_math_vendor/lib/python:/opt/ros/jazzy/lib/python3.12/site-packages /usr/bin/python3 -W ignore:setup.py install is deprecated -W ignore:easy_install command is deprecated setup.py egg_info --egg-base ../../build/active_perception build --build-base /home/bluegoose/active_perception_ws/build/active_perception/build install --record /home/bluegoose/active_perception_ws/build/active_perception/install.log --install-scripts $base/lib/active_perception --single-version-externally-managed install_data
[2.285s] running egg_info
[2.325s] writing ../../build/active_perception/active_perception.egg-info/PKG-INFO
[2.326s] writing dependency_links to ../../build/active_perception/active_perception.egg-info/dependency_links.txt
[2.326s] writing entry points to ../../build/active_perception/active_perception.egg-info/entry_points.txt
[2.327s] writing requirements to ../../build/active_perception/active_perception.egg-info/requires.txt
[2.327s] writing top-level names to ../../build/active_perception/active_perception.egg-info/top_level.txt
[2.412s] reading manifest file '../../build/active_perception/active_perception.egg-info/SOURCES.txt'
[2.416s] writing manifest file '../../build/active_perception/active_perception.egg-info/SOURCES.txt'
[2.416s] running build
[2.416s] running build_py
[2.417s] copying active_perception/vlm_bridge_node.py -> /home/bluegoose/active_perception_ws/build/active_perception/build/lib/active_perception
[2.417s] copying active_perception/coordinator_node.py -> /home/bluegoose/active_perception_ws/build/active_perception/build/lib/active_perception
[2.417s] copying active_perception/__init__.py -> /home/bluegoose/active_perception_ws/build/active_perception/build/lib/active_perception
[2.417s] copying active_perception/interactive_trigger.py -> /home/bluegoose/active_perception_ws/build/active_perception/build/lib/active_perception
[2.418s] copying active_perception/heuristic_scorer.py -> /home/bluegoose/active_perception_ws/build/active_perception/build/lib/active_perception
[2.418s] copying active_perception/yolo_detector_node.py -> /home/bluegoose/active_perception_ws/build/active_perception/build/lib/active_perception
[2.418s] copying active_perception/live_camera_node.py -> /home/bluegoose/active_perception_ws/build/active_perception/build/lib/active_perception
[2.418s] running install
[2.428s] running install_lib
[2.470s] copying /home/bluegoose/active_perception_ws/build/active_perception/build/lib/active_perception/coordinator_node.py -> /home/bluegoose/active_perception_ws/install/active_perception/lib/python3.12/site-packages/active_perception
[2.471s] copying /home/bluegoose/active_perception_ws/build/active_perception/build/lib/active_perception/heuristic_scorer.py -> /home/bluegoose/active_perception_ws/install/active_perception/lib/python3.12/site-packages/active_perception
[2.471s] copying /home/bluegoose/active_perception_ws/build/active_perception/build/lib/active_perception/yolo_detector_node.py -> /home/bluegoose/active_perception_ws/install/active_perception/lib/python3.12/site-packages/active_perception
[2.472s] byte-compiling /home/bluegoose/active_perception_ws/install/active_perception/lib/python3.12/site-packages/active_perception/coordinator_node.py to coordinator_node.cpython-312.pyc
[2.474s] byte-compiling /home/bluegoose/active_perception_ws/install/active_perception/lib/python3.12/site-packages/active_perception/heuristic_scorer.py to heuristic_scorer.cpython-312.pyc
[2.476s] byte-compiling /home/bluegoose/active_perception_ws/install/active_perception/lib/python3.12/site-packages/active_perception/yolo_detector_node.py to yolo_detector_node.cpython-312.pyc
[2.477s] running install_data
[2.478s] copying resource/active_perception -> /home/bluegoose/active_perception_ws/install/active_perception/share/ament_index/resource_index/packages
[2.478s] copying package.xml -> /home/bluegoose/active_perception_ws/install/active_perception/share/active_perception
[2.479s] running install_egg_info
[2.521s] removing '/home/bluegoose/active_perception_ws/install/active_perception/lib/python3.12/site-packages/active_perception-0.0.0-py3.12.egg-info' (and everything under it)
[2.521s] Copying ../../build/active_perception/active_perception.egg-info to /home/bluegoose/active_perception_ws/install/active_perception/lib/python3.12/site-packages/active_perception-0.0.0-py3.12.egg-info
[2.523s] running install_scripts
[2.758s] Installing coordinator script to /home/bluegoose/active_perception_ws/install/active_perception/lib/active_perception
[2.758s] Installing heuristic_scorer script to /home/bluegoose/active_perception_ws/install/active_perception/lib/active_perception
[2.759s] Installing interactive_trigger script to /home/bluegoose/active_perception_ws/install/active_perception/lib/active_perception
[2.759s] Installing live_camera script to /home/bluegoose/active_perception_ws/install/active_perception/lib/active_perception
[2.759s] Installing vlm_bridge script to /home/bluegoose/active_perception_ws/install/active_perception/lib/active_perception
[2.759s] Installing yolo_detector script to /home/bluegoose/active_perception_ws/install/active_perception/lib/active_perception
[2.760s] writing list of installed files to '/home/bluegoose/active_perception_ws/build/active_perception/install.log'
[2.806s] Invoked command in '/home/bluegoose/active_perception_ws/src/active_perception' returned '0': DEBUGINFOD_URLS=https://debuginfod.ubuntu.com PYTHONPATH=/home/bluegoose/active_perception_ws/build/active_perception/prefix_override:/usr/lib/python3/dist-packages/colcon_core/task/python/colcon_distutils_commands:/home/bluegoose/active_perception_ws/install/active_perception/lib/python3.12/site-packages:/home/bluegoose/active_perception_ws/install/active_perception_interfaces/lib/python3.12/site-packages:/home/bluegoose/active_perception_ws/install/active_perception/lib/python3.12/site-packages:/home/bluegoose/x_perceive_ws/install/x_perceive_sim/lib/python3.12/site-packages:/home/bluegoose/x_perceive_ws/build/x_perceive_reasoning:/home/bluegoose/x_perceive_ws/install/x_perceive_reasoning/lib/python3.12/site-packages:/home/bluegoose/x_perceive_ws/build/x_perceive_perception:/home/bluegoose/x_perceive_ws/install/x_perceive_perception/lib/python3.12/site-packages:/home/bluegoose/x_perceive_ws/install/x_perceive_msgs/lib/python3.12/site-packages:/home/bluegoose/x_perceive_ws/build/x_perceive_bringup:/home/bluegoose/x_perceive_ws/install/x_perceive_bringup/lib/python3.12/site-packages:/opt/ros/jazzy/opt/gz_sim_vendor/lib/python:/opt/ros/jazzy/opt/sdformat_vendor/lib/python:/opt/ros/jazzy/opt/gz_transport_vendor/lib/python:/opt/ros/jazzy/opt/gz_msgs_vendor/lib/python:/opt/ros/jazzy/opt/gz_math_vendor/lib/python:/opt/ros/jazzy/lib/python3.12/site-packages /usr/bin/python3 -W ignore:setup.py install is deprecated -W ignore:easy_install command is deprecated setup.py egg_info --egg-base ../../build/active_perception build --build-base /home/bluegoose/active_perception_ws/build/active_perception/build install --record /home/bluegoose/active_perception_ws/build/active_perception/install.log --install-scripts $base/lib/active_perception --single-version-externally-managed install_data
