[1.027s] DEBUG:colcon:Command line arguments: ['/usr/bin/colcon', 'build', '--packages-select', 'active_perception']
[1.027s] DEBUG:colcon:Parsed command line arguments: Namespace(log_base=None, log_level=None, verb_name='build', build_base='build', install_base='install', merge_install=False, symlink_install=False, test_result_base=None, continue_on_error=False, executor='parallel', parallel_workers=8, event_handlers=None, ignore_user_meta=False, metas=['./colcon.meta'], base_paths=['.'], packages_ignore=None, packages_ignore_regex=None, paths=None, packages_up_to=None, packages_up_to_regex=None, packages_above=None, packages_above_and_dependencies=None, packages_above_depth=None, packages_select_by_dep=None, packages_skip_by_dep=None, packages_skip_up_to=None, packages_select_build_failed=False, packages_skip_build_finished=False, packages_select_test_failures=False, packages_skip_test_passed=False, packages_select=['active_perception'], packages_skip=None, packages_select_regex=None, packages_skip_regex=None, packages_start=None, packages_end=None, allow_overriding=[], cmake_args=None, cmake_target=None, cmake_target_skip_unavailable=False, cmake_clean_cache=False, cmake_clean_first=False, cmake_force_configure=False, ament_cmake_args=None, catkin_cmake_args=None, catkin_skip_building_tests=False, mixin_files=None, mixin=None, verb_parser=<colcon_mixin.mixin.mixin_argument.MixinArgumentDecorator object at 0x773f39bc5ee0>, verb_extension=<colcon_core.verb.build.BuildVerb object at 0x773f39cd6ba0>, main=<bound method BuildVerb.main of <colcon_core.verb.build.BuildVerb object at 0x773f39cd6ba0>>, mixin_verb=('build',))
[1.340s] Level 1:colcon.colcon_core.package_discovery:discover_packages(colcon_meta) check parameters
[1.341s] Level 1:colcon.colcon_core.package_discovery:discover_packages(recursive) check parameters
[1.341s] Level 1:colcon.colcon_core.package_discovery:discover_packages(ignore) check parameters
[1.341s] Level 1:colcon.colcon_core.package_discovery:discover_packages(path) check parameters
[1.341s] Level 1:colcon.colcon_core.package_discovery:discover_packages(colcon_meta) discover
[1.342s] Level 1:colcon.colcon_core.package_discovery:discover_packages(recursive) discover
[1.342s] INFO:colcon.colcon_core.package_discovery:Crawling recursively for packages in '/home/bluegoose/active_perception_ws'
[1.342s] Level 1:colcon.colcon_core.package_identification:_identify(.) by extensions ['ignore', 'ignore_ament_install']
[1.343s] Level 1:colcon.colcon_core.package_identification:_identify(.) by extension 'ignore'
[1.343s] Level 1:colcon.colcon_core.package_identification:_identify(.) by extension 'ignore_ament_install'
[1.343s] Level 1:colcon.colcon_core.package_identification:_identify(.) by extensions ['colcon_pkg']
[1.344s] Level 1:colcon.colcon_core.package_identification:_identify(.) by extension 'colcon_pkg'
[1.344s] Level 1:colcon.colcon_core.package_identification:_identify(.) by extensions ['colcon_meta']
[1.344s] Level 1:colcon.colcon_core.package_identification:_identify(.) by extension 'colcon_meta'
[1.344s] Level 1:colcon.colcon_core.package_identification:_identify(.) by extensions ['ros']
[1.344s] Level 1:colcon.colcon_core.package_identification:_identify(.) by extension 'ros'
[1.551s] Level 1:colcon.colcon_core.package_identification:_identify(.) by extensions ['cmake', 'python']
[1.552s] Level 1:colcon.colcon_core.package_identification:_identify(.) by extension 'cmake'
[1.552s] Level 1:colcon.colcon_core.package_identification:_identify(.) by extension 'python'
[1.552s] Level 1:colcon.colcon_core.package_identification:_identify(.) by extensions ['python_setup_py']
[1.552s] Level 1:colcon.colcon_core.package_identification:_identify(.) by extension 'python_setup_py'
[1.553s] Level 1:colcon.colcon_core.package_identification:_identify(build) by extensions ['ignore', 'ignore_ament_install']
[1.553s] Level 1:colcon.colcon_core.package_identification:_identify(build) by extension 'ignore'
[1.554s] Level 1:colcon.colcon_core.package_identification:_identify(build) ignored
[1.554s] Level 1:colcon.colcon_core.package_identification:_identify(install) by extensions ['ignore', 'ignore_ament_install']
[1.555s] Level 1:colcon.colcon_core.package_identification:_identify(install) by extension 'ignore'
[1.555s] Level 1:colcon.colcon_core.package_identification:_identify(install) ignored
[1.555s] Level 1:colcon.colcon_core.package_identification:_identify(log) by extensions ['ignore', 'ignore_ament_install']
[1.556s] Level 1:colcon.colcon_core.package_identification:_identify(log) by extension 'ignore'
[1.556s] Level 1:colcon.colcon_core.package_identification:_identify(log) ignored
[1.556s] Level 1:colcon.colcon_core.package_identification:_identify(src) by extensions ['ignore', 'ignore_ament_install']
[1.557s] Level 1:colcon.colcon_core.package_identification:_identify(src) by extension 'ignore'
[1.557s] Level 1:colcon.colcon_core.package_identification:_identify(src) by extension 'ignore_ament_install'
[1.558s] Level 1:colcon.colcon_core.package_identification:_identify(src) by extensions ['colcon_pkg']
[1.558s] Level 1:colcon.colcon_core.package_identification:_identify(src) by extension 'colcon_pkg'
[1.558s] Level 1:colcon.colcon_core.package_identification:_identify(src) by extensions ['colcon_meta']
[1.558s] Level 1:colcon.colcon_core.package_identification:_identify(src) by extension 'colcon_meta'
[1.558s] Level 1:colcon.colcon_core.package_identification:_identify(src) by extensions ['ros']
[1.558s] Level 1:colcon.colcon_core.package_identification:_identify(src) by extension 'ros'
[1.559s] Level 1:colcon.colcon_core.package_identification:_identify(src) by extensions ['cmake', 'python']
[1.559s] Level 1:colcon.colcon_core.package_identification:_identify(src) by extension 'cmake'
[1.559s] Level 1:colcon.colcon_core.package_identification:_identify(src) by extension 'python'
[1.560s] Level 1:colcon.colcon_core.package_identification:_identify(src) by extensions ['python_setup_py']
[1.560s] Level 1:colcon.colcon_core.package_identification:_identify(src) by extension 'python_setup_py'
[1.560s] Level 1:colcon.colcon_core.package_identification:_identify(src/active_perception) by extensions ['ignore', 'ignore_ament_install']
[1.561s] Level 1:colcon.colcon_core.package_identification:_identify(src/active_perception) by extension 'ignore'
[1.561s] Level 1:colcon.colcon_core.package_identification:_identify(src/active_perception) by extension 'ignore_ament_install'
[1.561s] Level 1:colcon.colcon_core.package_identification:_identify(src/active_perception) by extensions ['colcon_pkg']
[1.562s] Level 1:colcon.colcon_core.package_identification:_identify(src/active_perception) by extension 'colcon_pkg'
[1.562s] Level 1:colcon.colcon_core.package_identification:_identify(src/active_perception) by extensions ['colcon_meta']
[1.562s] Level 1:colcon.colcon_core.package_identification:_identify(src/active_perception) by extension 'colcon_meta'
[1.562s] Level 1:colcon.colcon_core.package_identification:_identify(src/active_perception) by extensions ['ros']
[1.562s] Level 1:colcon.colcon_core.package_identification:_identify(src/active_perception) by extension 'ros'
[1.579s] DEBUG:colcon.colcon_core.package_identification:Package 'src/active_perception' with type 'ros.ament_python' and name 'active_perception'
[1.580s] Level 1:colcon.colcon_core.package_identification:_identify(src/active_perception_interfaces) by extensions ['ignore', 'ignore_ament_install']
[1.580s] Level 1:colcon.colcon_core.package_identification:_identify(src/active_perception_interfaces) by extension 'ignore'
[1.581s] Level 1:colcon.colcon_core.package_identification:_identify(src/active_perception_interfaces) by extension 'ignore_ament_install'
[1.581s] Level 1:colcon.colcon_core.package_identification:_identify(src/active_perception_interfaces) by extensions ['colcon_pkg']
[1.581s] Level 1:colcon.colcon_core.package_identification:_identify(src/active_perception_interfaces) by extension 'colcon_pkg'
[1.581s] Level 1:colcon.colcon_core.package_identification:_identify(src/active_perception_interfaces) by extensions ['colcon_meta']
[1.582s] Level 1:colcon.colcon_core.package_identification:_identify(src/active_perception_interfaces) by extension 'colcon_meta'
[1.582s] Level 1:colcon.colcon_core.package_identification:_identify(src/active_perception_interfaces) by extensions ['ros']
[1.582s] Level 1:colcon.colcon_core.package_identification:_identify(src/active_perception_interfaces) by extension 'ros'
[1.586s] DEBUG:colcon.colcon_core.package_identification:Package 'src/active_perception_interfaces' with type 'ros.ament_cmake' and name 'active_perception_interfaces'
[1.586s] Level 1:colcon.colcon_core.package_discovery:discover_packages(recursive) using defaults
[1.586s] Level 1:colcon.colcon_core.package_discovery:discover_packages(ignore) discover
[1.586s] Level 1:colcon.colcon_core.package_discovery:discover_packages(ignore) using defaults
[1.586s] Level 1:colcon.colcon_core.package_discovery:discover_packages(path) discover
[1.587s] Level 1:colcon.colcon_core.package_discovery:discover_packages(path) using defaults
[1.700s] INFO:colcon.colcon_core.package_selection:Skipping not selected package 'active_perception_interfaces' in 'src/active_perception_interfaces'
[1.702s] Level 1:colcon.colcon_core.package_discovery:discover_packages(prefix_path) check parameters
[1.702s] Level 1:colcon.colcon_core.package_discovery:discover_packages(prefix_path) discover
[1.742s] DEBUG:colcon.colcon_installed_package_information.package_discovery:Found 2 installed packages in /home/bluegoose/active_perception_ws/install
[1.745s] DEBUG:colcon.colcon_installed_package_information.package_discovery:Found 5 installed packages in /home/bluegoose/x_perceive_ws/install
[1.756s] DEBUG:colcon.colcon_installed_package_information.package_discovery:Found 319 installed packages in /opt/ros/jazzy
[1.763s] Level 1:colcon.colcon_core.package_discovery:discover_packages(prefix_path) using defaults
[2.082s] Level 5:colcon.colcon_core.verb:set package 'active_perception' build argument 'cmake_args' from command line to 'None'
[2.082s] Level 5:colcon.colcon_core.verb:set package 'active_perception' build argument 'cmake_target' from command line to 'None'
[2.082s] Level 5:colcon.colcon_core.verb:set package 'active_perception' build argument 'cmake_target_skip_unavailable' from command line to 'False'
[2.082s] Level 5:colcon.colcon_core.verb:set package 'active_perception' build argument 'cmake_clean_cache' from command line to 'False'
[2.082s] Level 5:colcon.colcon_core.verb:set package 'active_perception' build argument 'cmake_clean_first' from command line to 'False'
[2.083s] Level 5:colcon.colcon_core.verb:set package 'active_perception' build argument 'cmake_force_configure' from command line to 'False'
[2.083s] Level 5:colcon.colcon_core.verb:set package 'active_perception' build argument 'ament_cmake_args' from command line to 'None'
[2.083s] Level 5:colcon.colcon_core.verb:set package 'active_perception' build argument 'catkin_cmake_args' from command line to 'None'
[2.083s] Level 5:colcon.colcon_core.verb:set package 'active_perception' build argument 'catkin_skip_building_tests' from command line to 'False'
[2.083s] DEBUG:colcon.colcon_core.verb:Building package 'active_perception' with the following arguments: {'ament_cmake_args': None, 'build_base': '/home/bluegoose/active_perception_ws/build/active_perception', 'catkin_cmake_args': None, 'catkin_skip_building_tests': False, 'cmake_args': None, 'cmake_clean_cache': False, 'cmake_clean_first': False, 'cmake_force_configure': False, 'cmake_target': None, 'cmake_target_skip_unavailable': False, 'install_base': '/home/bluegoose/active_perception_ws/install/active_perception', 'merge_install': False, 'path': '/home/bluegoose/active_perception_ws/src/active_perception', 'symlink_install': False, 'test_result_base': None}
[2.083s] INFO:colcon.colcon_core.executor:Executing jobs using 'parallel' executor
[2.084s] DEBUG:colcon.colcon_parallel_executor.executor.parallel:run_until_complete
[2.084s] INFO:colcon.colcon_ros.task.ament_python.build:Building ROS package in '/home/bluegoose/active_perception_ws/src/active_perception' with build type 'ament_python'
[2.085s] Level 1:colcon.colcon_core.shell:create_environment_hook('active_perception', 'ament_prefix_path')
[2.096s] INFO:colcon.colcon_core.plugin_system:Skipping extension 'colcon_core.shell.bat': Not used on non-Windows systems
[2.096s] INFO:colcon.colcon_core.shell:Creating environment hook '/home/bluegoose/active_perception_ws/install/active_perception/share/active_perception/hook/ament_prefix_path.ps1'
[2.098s] INFO:colcon.colcon_core.shell:Creating environment descriptor '/home/bluegoose/active_perception_ws/install/active_perception/share/active_perception/hook/ament_prefix_path.dsv'
[2.100s] INFO:colcon.colcon_core.shell:Creating environment hook '/home/bluegoose/active_perception_ws/install/active_perception/share/active_perception/hook/ament_prefix_path.sh'
[2.102s] INFO:colcon.colcon_core.shell:Skip shell extension 'powershell' for command environment: Not usable outside of PowerShell
[2.102s] DEBUG:colcon.colcon_core.shell:Skip shell extension 'dsv' for command environment
[2.572s] INFO:colcon.colcon_core.task.python.build:Building Python package in '/home/bluegoose/active_perception_ws/src/active_perception'
[2.572s] INFO:colcon.colcon_core.shell:Skip shell extension 'powershell' for command environment: Not usable outside of PowerShell
[2.572s] DEBUG:colcon.colcon_core.shell:Skip shell extension 'dsv' for command environment
[3.912s] DEBUG:colcon.colcon_core.task.python.build:Available setuptools commands: check, editable_wheel, saveopts, install_headers, build, install, symlink_data, dist_info, build_ext, setopt, build_scripts, install_scripts, clean, install_data, egg_info, sdist, build_py, develop, install_lib, easy_install, bdist_egg, build_clib, install_egg_info, rotate, bdist_wheel, bdist, alias, bdist_dumb, bdist_rpm
[3.915s] DEBUG:colcon.colcon_core.event_handler.log_command:Invoking command in '/home/bluegoose/active_perception_ws/src/active_perception': DEBUGINFOD_URLS=https://debuginfod.ubuntu.com PYTHONPATH=/home/bluegoose/active_perception_ws/build/active_perception/prefix_override:/usr/lib/python3/dist-packages/colcon_core/task/python/colcon_distutils_commands:/home/bluegoose/active_perception_ws/install/active_perception/lib/python3.12/site-packages:/home/bluegoose/active_perception_ws/install/active_perception_interfaces/lib/python3.12/site-packages:/home/bluegoose/active_perception_ws/install/active_perception/lib/python3.12/site-packages:/home/bluegoose/x_perceive_ws/install/x_perceive_sim/lib/python3.12/site-packages:/home/bluegoose/x_perceive_ws/build/x_perceive_reasoning:/home/bluegoose/x_perceive_ws/install/x_perceive_reasoning/lib/python3.12/site-packages:/home/bluegoose/x_perceive_ws/build/x_perceive_perception:/home/bluegoose/x_perceive_ws/install/x_perceive_perception/lib/python3.12/site-packages:/home/bluegoose/x_perceive_ws/install/x_perceive_msgs/lib/python3.12/site-packages:/home/bluegoose/x_perceive_ws/build/x_perceive_bringup:/home/bluegoose/x_perceive_ws/install/x_perceive_bringup/lib/python3.12/site-packages:/opt/ros/jazzy/opt/gz_sim_vendor/lib/python:/opt/ros/jazzy/opt/sdformat_vendor/lib/python:/opt/ros/jazzy/opt/gz_transport_vendor/lib/python:/opt/ros/jazzy/opt/gz_msgs_vendor/lib/python:/opt/ros/jazzy/opt/gz_math_vendor/lib/python:/opt/ros/jazzy/lib/python3.12/site-packages /usr/bin/python3 -W ignore:setup.py install is deprecated -W ignore:easy_install command is deprecated setup.py egg_info --egg-base ../../build/active_perception build --build-base /home/bluegoose/active_perception_ws/build/active_perception/build install --record /home/bluegoose/active_perception_ws/build/active_perception/install.log --install-scripts $base/lib/active_perception --single-version-externally-managed install_data
[5.007s] DEBUG:colcon.colcon_core.event_handler.log_command:Invoked command in '/home/bluegoose/active_perception_ws/src/active_perception' returned '0': DEBUGINFOD_URLS=https://debuginfod.ubuntu.com PYTHONPATH=/home/bluegoose/active_perception_ws/build/active_perception/prefix_override:/usr/lib/python3/dist-packages/colcon_core/task/python/colcon_distutils_commands:/home/bluegoose/active_perception_ws/install/active_perception/lib/python3.12/site-packages:/home/bluegoose/active_perception_ws/install/active_perception_interfaces/lib/python3.12/site-packages:/home/bluegoose/active_perception_ws/install/active_perception/lib/python3.12/site-packages:/home/bluegoose/x_perceive_ws/install/x_perceive_sim/lib/python3.12/site-packages:/home/bluegoose/x_perceive_ws/build/x_perceive_reasoning:/home/bluegoose/x_perceive_ws/install/x_perceive_reasoning/lib/python3.12/site-packages:/home/bluegoose/x_perceive_ws/build/x_perceive_perception:/home/bluegoose/x_perceive_ws/install/x_perceive_perception/lib/python3.12/site-packages:/home/bluegoose/x_perceive_ws/install/x_perceive_msgs/lib/python3.12/site-packages:/home/bluegoose/x_perceive_ws/build/x_perceive_bringup:/home/bluegoose/x_perceive_ws/install/x_perceive_bringup/lib/python3.12/site-packages:/opt/ros/jazzy/opt/gz_sim_vendor/lib/python:/opt/ros/jazzy/opt/sdformat_vendor/lib/python:/opt/ros/jazzy/opt/gz_transport_vendor/lib/python:/opt/ros/jazzy/opt/gz_msgs_vendor/lib/python:/opt/ros/jazzy/opt/gz_math_vendor/lib/python:/opt/ros/jazzy/lib/python3.12/site-packages /usr/bin/python3 -W ignore:setup.py install is deprecated -W ignore:easy_install command is deprecated setup.py egg_info --egg-base ../../build/active_perception build --build-base /home/bluegoose/active_perception_ws/build/active_perception/build install --record /home/bluegoose/active_perception_ws/build/active_perception/install.log --install-scripts $base/lib/active_perception --single-version-externally-managed install_data
[5.018s] Level 1:colcon.colcon_core.environment:checking '/home/bluegoose/active_perception_ws/install/active_perception' for CMake module files
[5.020s] Level 1:colcon.colcon_core.environment:checking '/home/bluegoose/active_perception_ws/install/active_perception' for CMake config files
[5.021s] Level 1:colcon.colcon_core.environment:checking '/home/bluegoose/active_perception_ws/install/active_perception/lib'
[5.022s] Level 1:colcon.colcon_core.environment:checking '/home/bluegoose/active_perception_ws/install/active_perception/bin'
[5.022s] Level 1:colcon.colcon_core.environment:checking '/home/bluegoose/active_perception_ws/install/active_perception/lib/pkgconfig/active_perception.pc'
[5.022s] Level 1:colcon.colcon_core.environment:checking '/home/bluegoose/active_perception_ws/install/active_perception/lib/python3.12/site-packages'
[5.023s] Level 1:colcon.colcon_core.shell:create_environment_hook('active_perception', 'pythonpath')
[5.023s] INFO:colcon.colcon_core.shell:Creating environment hook '/home/bluegoose/active_perception_ws/install/active_perception/share/active_perception/hook/pythonpath.ps1'
[5.024s] INFO:colcon.colcon_core.shell:Creating environment descriptor '/home/bluegoose/active_perception_ws/install/active_perception/share/active_perception/hook/pythonpath.dsv'
[5.025s] INFO:colcon.colcon_core.shell:Creating environment hook '/home/bluegoose/active_perception_ws/install/active_perception/share/active_perception/hook/pythonpath.sh'
[5.026s] Level 1:colcon.colcon_core.environment:checking '/home/bluegoose/active_perception_ws/install/active_perception/bin'
[5.026s] Level 1:colcon.colcon_core.environment:create_environment_scripts_only(active_perception)
[5.027s] INFO:colcon.colcon_core.shell:Creating package script '/home/bluegoose/active_perception_ws/install/active_perception/share/active_perception/package.ps1'
[5.029s] INFO:colcon.colcon_core.shell:Creating package descriptor '/home/bluegoose/active_perception_ws/install/active_perception/share/active_perception/package.dsv'
[5.031s] INFO:colcon.colcon_core.shell:Creating package script '/home/bluegoose/active_perception_ws/install/active_perception/share/active_perception/package.sh'
[5.034s] INFO:colcon.colcon_core.shell:Creating package script '/home/bluegoose/active_perception_ws/install/active_perception/share/active_perception/package.bash'
[5.035s] INFO:colcon.colcon_core.shell:Creating package script '/home/bluegoose/active_perception_ws/install/active_perception/share/active_perception/package.zsh'
[5.037s] Level 1:colcon.colcon_core.environment:create_file_with_runtime_dependencies(/home/bluegoose/active_perception_ws/install/active_perception/share/colcon-core/packages/active_perception)
[5.038s] DEBUG:colcon.colcon_parallel_executor.executor.parallel:closing loop
[5.039s] DEBUG:colcon.colcon_parallel_executor.executor.parallel:loop closed
[5.039s] DEBUG:colcon.colcon_parallel_executor.executor.parallel:run_until_complete finished with '0'
[5.039s] DEBUG:colcon.colcon_core.event_reactor:joining thread
[5.067s] INFO:colcon.colcon_core.plugin_system:Skipping extension 'colcon_notification.desktop_notification.terminal_notifier': Not used on non-Darwin systems
[5.068s] INFO:colcon.colcon_core.plugin_system:Skipping extension 'colcon_notification.desktop_notification.win32': Not used on non-Windows systems
[5.068s] INFO:colcon.colcon_notification.desktop_notification:Sending desktop notification using 'notify2'
[5.159s] DEBUG:colcon.colcon_core.event_reactor:joined thread
[5.160s] INFO:colcon.colcon_core.shell:Creating prefix script '/home/bluegoose/active_perception_ws/install/local_setup.ps1'
[5.165s] INFO:colcon.colcon_core.shell:Creating prefix util module '/home/bluegoose/active_perception_ws/install/_local_setup_util_ps1.py'
[5.171s] INFO:colcon.colcon_core.shell:Creating prefix chain script '/home/bluegoose/active_perception_ws/install/setup.ps1'
[5.179s] INFO:colcon.colcon_core.shell:Creating prefix script '/home/bluegoose/active_perception_ws/install/local_setup.sh'
[5.183s] INFO:colcon.colcon_core.shell:Creating prefix util module '/home/bluegoose/active_perception_ws/install/_local_setup_util_sh.py'
[5.186s] INFO:colcon.colcon_core.shell:Creating prefix chain script '/home/bluegoose/active_perception_ws/install/setup.sh'
[5.192s] INFO:colcon.colcon_core.shell:Creating prefix script '/home/bluegoose/active_perception_ws/install/local_setup.bash'
[5.195s] INFO:colcon.colcon_core.shell:Creating prefix chain script '/home/bluegoose/active_perception_ws/install/setup.bash'
[5.203s] INFO:colcon.colcon_core.shell:Creating prefix script '/home/bluegoose/active_perception_ws/install/local_setup.zsh'
[5.207s] INFO:colcon.colcon_core.shell:Creating prefix chain script '/home/bluegoose/active_perception_ws/install/setup.zsh'
